Component: ARM Compiler 5.06 update 7 (build 960) Tool: armlink [4d3601]

==============================================================================

Section Cross References

    startup_stm32f103xb.o(STACK) refers (Special) to heapauxi.o(.text) for __use_two_region_memory
    startup_stm32f103xb.o(HEAP) refers (Special) to heapauxi.o(.text) for __use_two_region_memory
    startup_stm32f103xb.o(RESET) refers (Special) to heapauxi.o(.text) for __use_two_region_memory
    startup_stm32f103xb.o(RESET) refers to startup_stm32f103xb.o(STACK) for __initial_sp
    startup_stm32f103xb.o(RESET) refers to startup_stm32f103xb.o(.text) for Reset_Handler
    startup_stm32f103xb.o(RESET) refers to stm32f1xx_it.o(i.NMI_Handler) for NMI_Handler
    startup_stm32f103xb.o(RESET) refers to stm32f1xx_it.o(i.HardFault_Handler) for HardFault_Handler
    startup_stm32f103xb.o(RESET) refers to stm32f1xx_it.o(i.MemManage_Handler) for MemManage_Handler
    startup_stm32f103xb.o(RESET) refers to stm32f1xx_it.o(i.BusFault_Handler) for BusFault_Handler
    startup_stm32f103xb.o(RESET) refers to stm32f1xx_it.o(i.UsageFault_Handler) for UsageFault_Handler
    startup_stm32f103xb.o(RESET) refers to stm32f1xx_it.o(i.SVC_Handler) for SVC_Handler
    startup_stm32f103xb.o(RESET) refers to stm32f1xx_it.o(i.DebugMon_Handler) for DebugMon_Handler
    startup_stm32f103xb.o(RESET) refers to stm32f1xx_it.o(i.PendSV_Handler) for PendSV_Handler
    startup_stm32f103xb.o(RESET) refers to stm32f1xx_it.o(i.SysTick_Handler) for SysTick_Handler
    startup_stm32f103xb.o(RESET) refers to stm32f1xx_it.o(i.USART1_IRQHandler) for USART1_IRQHandler
    startup_stm32f103xb.o(RESET) refers to stm32f1xx_it.o(i.USART2_IRQHandler) for USART2_IRQHandler
    startup_stm32f103xb.o(.text) refers (Special) to heapauxi.o(.text) for __use_two_region_memory
    startup_stm32f103xb.o(.text) refers to system_stm32f1xx.o(i.SystemInit) for SystemInit
    startup_stm32f103xb.o(.text) refers to __main.o(!!!main) for __main
    startup_stm32f103xb.o(.text) refers to startup_stm32f103xb.o(HEAP) for Heap_Mem
    startup_stm32f103xb.o(.text) refers to startup_stm32f103xb.o(STACK) for Stack_Mem
    main.o(i.ADC_Read) refers to main.o(i.SEL_CH0) for SEL_CH0
    main.o(i.ADC_Read) refers to stm32f1xx_hal_adc.o(i.HAL_ADC_Start) for HAL_ADC_Start
    main.o(i.ADC_Read) refers to stm32f1xx_hal_adc.o(i.HAL_ADC_PollForConversion) for HAL_ADC_PollForConversion
    main.o(i.ADC_Read) refers to stm32f1xx_hal_adc.o(i.HAL_ADC_GetValue) for HAL_ADC_GetValue
    main.o(i.ADC_Read) refers to fflt_clz.o(x$fpl$ffltu) for __aeabi_ui2f
    main.o(i.ADC_Read) refers to main.o(i.SEL_CH1) for SEL_CH1
    main.o(i.ADC_Read) refers to main.o(i.SEL_CH4) for SEL_CH4
    main.o(i.ADC_Read) refers to main.o(i.SEL_CH5) for SEL_CH5
    main.o(i.ADC_Read) refers to main.o(i.SEL_CH6) for SEL_CH6
    main.o(i.ADC_Read) refers to main.o(i.SEL_CH7) for SEL_CH7
    main.o(i.ADC_Read) refers to main.o(i.SEL_CH8) for SEL_CH8
    main.o(i.ADC_Read) refers to main.o(i.SEL_CH9) for SEL_CH9
    main.o(i.ADC_Read) refers to main.o(.bss) for .bss
    main.o(i.ADC_Voltage) refers to scalbnf.o(x$fpl$scalbnf) for __ARM_scalbnf
    main.o(i.ADC_Voltage) refers to f2d.o(x$fpl$f2d) for __aeabi_f2d
    main.o(i.ADC_Voltage) refers to dmul.o(x$fpl$dmul) for __aeabi_dmul
    main.o(i.ADC_Voltage) refers to d2f.o(x$fpl$d2f) for __aeabi_d2f
    main.o(i.ADC_Voltage) refers to main.o(.bss) for .bss
    main.o(i.ADC_Voltage) refers to main.o(.data) for .data
    main.o(i.Battery) refers to main.o(.data) for .data
    main.o(i.Charger_off) refers to stm32f1xx_hal_gpio.o(i.HAL_GPIO_WritePin) for HAL_GPIO_WritePin
    main.o(i.Charger_off) refers to stm32f1xx_hal.o(i.HAL_Delay) for HAL_Delay
    main.o(i.Charger_on) refers to stm32f1xx_hal_gpio.o(i.HAL_GPIO_WritePin) for HAL_GPIO_WritePin
    main.o(i.Charger_on) refers to stm32f1xx_hal.o(i.HAL_Delay) for HAL_Delay
    main.o(i.Generator_off) refers to stm32f1xx_hal_gpio.o(i.HAL_GPIO_WritePin) for HAL_GPIO_WritePin
    main.o(i.Generator_off) refers to stm32f1xx_hal.o(i.HAL_Delay) for HAL_Delay
    main.o(i.Generator_on) refers to stm32f1xx_hal_gpio.o(i.HAL_GPIO_WritePin) for HAL_GPIO_WritePin
    main.o(i.Generator_on) refers to stm32f1xx_hal.o(i.HAL_Delay) for HAL_Delay
    main.o(i.MX_ADC1_Init) refers to stm32f1xx_hal_adc.o(i.HAL_ADC_Init) for HAL_ADC_Init
    main.o(i.MX_ADC1_Init) refers to stm32f1xx_hal_adc.o(i.HAL_ADC_ConfigChannel) for HAL_ADC_ConfigChannel
    main.o(i.MX_ADC1_Init) refers to main.o(.bss) for .bss
    main.o(i.MX_GPIO_Init) refers to stm32f1xx_hal_gpio.o(i.HAL_GPIO_WritePin) for HAL_GPIO_WritePin
    main.o(i.MX_GPIO_Init) refers to stm32f1xx_hal_gpio.o(i.HAL_GPIO_Init) for HAL_GPIO_Init
    main.o(i.Recieve_Temp) refers to stm32f1xx_hal_uart.o(i.HAL_UART_Receive) for HAL_UART_Receive
    main.o(i.Recieve_Temp) refers to strtok.o(.text) for strtok
    main.o(i.Recieve_Temp) refers to strncmp.o(.text) for strncmp
[...]
    ..\Drivers\STM32F1xx_HAL_Driver\Src\stm32f1xx_hal_dma.c 0x00000000   Number         0  stm32f1xx_hal_dma.o ABSOLUTE
    ..\Drivers\STM32F1xx_HAL_Driver\Src\stm32f1xx_hal_exti.c 0x00000000   Number         0  stm32f1xx_hal_exti.o ABSOLUTE
    ..\Drivers\STM32F1xx_HAL_Driver\Src\stm32f1xx_hal_flash.c 0x00000000   Number         0  stm32f1xx_hal_flash.o ABSOLUTE
    ..\Drivers\STM32F1xx_HAL_Driver\Src\stm32f1xx_hal_flash_ex.c 0x00000000   Number         0  stm32f1xx_hal_flash_ex.o ABSOLUTE
    ..\Drivers\STM32F1xx_HAL_Driver\Src\stm32f1xx_hal_gpio.c 0x00000000   Number         0  stm32f1xx_hal_gpio.o ABSOLUTE
    ..\Drivers\STM32F1xx_HAL_Driver\Src\stm32f1xx_hal_gpio_ex.c 0x00000000   Number         0  stm32f1xx_hal_gpio_ex.o ABSOLUTE
    ..\Drivers\STM32F1xx_HAL_Driver\Src\stm32f1xx_hal_pwr.c 0x00000000   Number         0  stm32f1xx_hal_pwr.o ABSOLUTE
    ..\Drivers\STM32F1xx_HAL_Driver\Src\stm32f1xx_hal_rcc.c 0x00000000   Number         0  stm32f1xx_hal_rcc.o ABSOLUTE
    ..\Drivers\STM32F1xx_HAL_Driver\Src\stm32f1xx_hal_rcc_ex.c 0x00000000   Number         0  stm32f1xx_hal_rcc_ex.o ABSOLUTE
    ..\Drivers\STM32F1xx_HAL_Driver\Src\stm32f1xx_hal_tim.c 0x00000000   Number         0  stm32f1xx_hal_tim.o ABSOLUTE
    ..\Drivers\STM32F1xx_HAL_Driver\Src\stm32f1xx_hal_tim_ex.c 0x00000000   Number         0  stm32f1xx_hal_tim_ex.o ABSOLUTE
    ..\Drivers\STM32F1xx_HAL_Driver\Src\stm32f1xx_hal_uart.c 0x00000000   Number         0  stm32f1xx_hal_uart.o ABSOLUTE
    dc.s                                     0x00000000   Number         0  dc.o ABSOLUTE
    startup_stm32f103xb.s                    0x00000000   Number         0  startup_stm32f103xb.o ABSOLUTE
    RESET                                    0x08000000   Section      236  startup_stm32f103xb.o(RESET)
    !!!main                                  0x080000ec   Section        8  __main.o(!!!main)
    !!!scatter                               0x080000f4   Section       52  __scatter.o(!!!scatter)
    !!handler_copy                           0x08000128   Section       26  __scatter_copy.o(!!handler_copy)
    !!handler_zi                             0x08000144   Section       28  __scatter_zi.o(!!handler_zi)
    .ARM.Collect$$libinit$$00000000          0x08000160   Section        2  libinit.o(.ARM.Collect$$libinit$$00000000)
    .ARM.Collect$$libinit$$00000002          0x08000162   Section        0  libinit2.o(.ARM.Collect$$libinit$$00000002)
    .ARM.Collect$$libinit$$00000004          0x08000162   Section        0  libinit2.o(.ARM.Collect$$libinit$$00000004)
    .ARM.Collect$$libinit$$0000000A          0x08000162   Section        0  libinit2.o(.ARM.Collect$$libinit$$0000000A)
    .ARM.Collect$$libinit$$0000000C          0x08000162   Section        0  libinit2.o(.ARM.Collect$$libinit$$0000000C)
    .ARM.Collect$$libinit$$0000000E          0x08000162   Section        0  libinit2.o(.ARM.Collect$$libinit$$0000000E)
    .ARM.Collect$$libinit$$0000000F          0x08000162   Section        6  libinit2.o(.ARM.Collect$$libinit$$0000000F)
    .ARM.Collect$$libinit$$00000011          0x08000168   Section        0  libinit2.o(.ARM.Collect$$libinit$$00000011)
    .ARM.Collect$$libinit$$00000012          0x08000168   Section       12  libinit2.o(.ARM.Collect$$libinit$$00000012)
    .ARM.Collect$$libinit$$00000013          0x08000174   Section        0  libinit2.o(.ARM.Collect$$libinit$$00000013)
    .ARM.Collect$$libinit$$00000015          0x08000174   Section        0  libinit2.o(.ARM.Collect$$libinit$$00000015)
    .ARM.Collect$$libinit$$00000016          0x08000174   Section       10  libinit2.o(.ARM.Collect$$libinit$$00000016)
    .ARM.Collect$$libinit$$00000017          0x0800017e   Section        0  libinit2.o(.ARM.Collect$$libinit$$00000017)
    .ARM.Collect$$libinit$$00000019          0x0800017e   Section        0  libinit2.o(.ARM.Collect$$libinit$$00000019)
    .ARM.Collect$$libinit$$0000001B          0x0800017e   Section        0  libinit2.o(.ARM.Collect$$libinit$$0000001B)
    .ARM.Collect$$libinit$$0000001D          0x0800017e   Section        0  libinit2.o(.ARM.Collect$$libinit$$0000001D)
    .ARM.Collect$$libinit$$0000001F          0x0800017e   Section        0  libinit2.o(.ARM.Collect$$libinit$$0000001F)
    .ARM.Collect$$libinit$$00000021          0x0800017e   Section        0  libinit2.o(.ARM.Collect$$libinit$$00000021)
    .ARM.Collect$$libinit$$00000023          0x0800017e   Section        0  libinit2.o(.ARM.Collect$$libinit$$00000023)
    .ARM.Collect$$libinit$$00000025          0x0800017e   Section        0  libinit2.o(.ARM.Collect$$libinit$$00000025)
    .ARM.Collect$$libinit$$0000002C          0x0800017e   Section        0  libinit2.o(.ARM.Collect$$libinit$$0000002C)
    .ARM.Collect$$libinit$$0000002E          0x0800017e   Section        0  libinit2.o(.ARM.Collect$$libinit$$0000002E)
    .ARM.Collect$$libinit$$00000030          0x0800017e   Section        0  libinit2.o(.ARM.Collect$$libinit$$00000030)
    .ARM.Collect$$libinit$$00000032          0x0800017e   Section        0  libinit2.o(.ARM.Collect$$libinit$$00000032)
    .ARM.Collect$$libinit$$00000033          0x0800017e   Section        2  libinit2.o(.ARM.Collect$$libinit$$00000033)
    .ARM.Collect$$libshutdown$$00000000      0x08000180   Section        2  libshutdown.o(.ARM.Collect$$libshutdown$$00000000)
    .ARM.Collect$$libshutdown$$00000002      0x08000182   Section        0  libshutdown2.o(.ARM.Collect$$libshutdown$$00000002)
    .ARM.Collect$$libshutdown$$00000004      0x08000182   Section        0  libshutdown2.o(.ARM.Collect$$libshutdown$$00000004)
    .ARM.Collect$$libshutdown$$00000006      0x08000182   Section        0  libshutdown2.o(.ARM.Collect$$libshutdown$$00000006)
    .ARM.Collect$$libshutdown$$00000009      0x08000182   Section        0  libshutdown2.o(.ARM.Collect$$libshutdown$$00000009)
    .ARM.Collect$$libshutdown$$0000000C      0x08000182   Section        0  libshutdown2.o(.ARM.Collect$$libshutdown$$0000000C)
    .ARM.Collect$$libshutdown$$0000000E      0x08000182   Section        0  libshutdown2.o(.ARM.Collect$$libshutdown$$0000000E)
    .ARM.Collect$$libshutdown$$00000011      0x08000182   Section        0  libshutdown2.o(.ARM.Collect$$libshutdown$$00000011)
    .ARM.Collect$$libshutdown$$00000012      0x08000182   Section        2  libshutdown2.o(.ARM.Collect$$libshutdown$$00000012)
    .ARM.Collect$$rtentry$$00000000          0x08000184   Section        0  __rtentry.o(.ARM.Collect$$rtentry$$00000000)
    .ARM.Collect$$rtentry$$00000002          0x08000184   Section        0  __rtentry2.o(.ARM.Collect$$rtentry$$00000002)
    .ARM.Collect$$rtentry$$00000004          0x08000184   Section        6  __rtentry4.o(.ARM.Collect$$rtentry$$00000004)
    .ARM.Collect$$rtentry$$00000009          0x0800018a   Section        0  __rtentry2.o(.ARM.Collect$$rtentry$$00000009)
    .ARM.Collect$$rtentry$$0000000A          0x0800018a   Section        4  __rtentry2.o(.ARM.Collect$$rtentry$$0000000A)
    .ARM.Collect$$rtentry$$0000000C          0x0800018e   Section        0  __rtentry2.o(.ARM.Collect$$rtentry$$0000000C)
    .ARM.Collect$$rtentry$$0000000D          0x0800018e   Section        8  __rtentry2.o(.ARM.Collect$$rtentry$$0000000D)
    .ARM.Collect$$rtexit$$00000000           0x08000196   Section        2  rtexit.o(.ARM.Collect$$rtexit$$00000000)
    .ARM.Collect$$rtexit$$00000002           0x08000198   Section        0  rtexit2.o(.ARM.Collect$$rtexit$$00000002)
    .ARM.Collect$$rtexit$$00000003           0x08000198   Section        4  rtexit2.o(.ARM.Collect$$rtexit$$00000003)
    .ARM.Collect$$rtexit$$00000004           0x0800019c   Section        6  rtexit2.o(.ARM.Collect$$rtexit$$00000004)
    .text                                    0x080001a4   Section       64  startup_stm32f103xb.o(.text)
    .text                                    0x080001e4   Section        0  strtok.o(.text)
    .text                                    0x080001f0   Section        0  strncmp.o(.text)
    .text                                    0x08000286   Section       78  rt_memclr_w.o(.text)
    .text                                    0x080002d4   Section        0  heapauxi.o(.text)
    .text                                    0x080002da   Section        0  _rserrno.o(.text)
    .text                                    0x080002f0   Section        0  strtod.o(.text)
    _local_sscanf                            0x080002f1   Thumb Code    60  strtod.o(.text)
    .text                                    0x08000394   Section        0  strtok_int.o(.text)
    .text                                    0x080003d8   Section        8  rt_locale_intlibspace.o(.text)
    .text                                    0x080003e0   Section        8  rt_errno_addr_intlibspace.o(.text)
    .text                                    0x080003e8   Section        0  isspace.o(.text)
    .text                                    0x080003fa   Section        0  _sgetc.o(.text)
    .text                                    0x0800043c   Section        0  bigflt0.o(.text)
    .text                                    0x08000520   Section        0  strcspn.o(.text)
    .text                                    0x08000540   Section        0  strspn.o(.text)
    .text                                    0x0800055c   Section        8  libspace.o(.text)
    .text                                    0x08000564   Section       74  sys_stackheap_outer.o(.text)
    .text                                    0x080005b0   Section       16  rt_ctype_table.o(.text)
    .text                                    0x080005c0   Section        0  scanf_fp.o(.text)
    _fp_value                                0x080005c1   Thumb Code   588  scanf_fp.o(.text)
    .text                                    0x08000ab8   Section        0  exit.o(.text)
    .text                                    0x08000acc   Section      128  strcmpv7m.o(.text)
    .text                                    0x08000b4c   Section        0  scanf_hexfp.o(.text)
    .text                                    0x08000e6c   Section        0  scanf_infnan.o(.text)
    .text                                    0x08000fa0   Section        0  sys_exit.o(.text)
    .text                                    0x08000fac   Section       38  llshl.o(.text)
    .text                                    0x08000fd2   Section        0  _chval.o(.text)
    .text                                    0x08000fee   Section        2  use_no_semi.o(.text)
    .text                                    0x08000ff0   Section        0  indicate_semi.o(.text)
    CL$$btod_div_common                      0x08000ff0   Section      824  btod.o(CL$$btod_div_common)
    CL$$btod_e2d                             0x08001328   Section      132  btod.o(CL$$btod_e2d)
    CL$$btod_e2e                             0x080013ac   Section      220  btod.o(CL$$btod_e2e)
    CL$$btod_ediv                            0x08001488   Section       42  btod.o(CL$$btod_ediv)
    CL$$btod_edivd                           0x080014b2   Section       42  btod.o(CL$$btod_edivd)
    CL$$btod_emul                            0x080014dc   Section       42  btod.o(CL$$btod_emul)
    CL$$btod_emuld                           0x08001506   Section       42  btod.o(CL$$btod_emuld)
    CL$$btod_mult_common                     0x08001530   Section      580  btod.o(CL$$btod_mult_common)
    i.ADC_ConversionStop_Disable             0x08001774   Section        0  stm32f1xx_hal_adc.o(i.ADC_ConversionStop_Disable)
    i.ADC_Enable                             0x080017cc   Section        0  stm32f1xx_hal_adc.o(i.ADC_Enable)
    i.ADC_Read                               0x08001848   Section        0  main.o(i.ADC_Read)
    i.ADC_Voltage                            0x08001958   Section        0  main.o(i.ADC_Voltage)
    i.Battery                                0x08001a4c   Section        0  main.o(i.Battery)
    i.BusFault_Handler                       0x08001a68   Section        0  stm32f1xx_it.o(i.BusFault_Handler)
    i.DebugMon_Handler                       0x08001a6a   Section        0  stm32f1xx_it.o(i.DebugMon_Handler)
    i.HAL_ADC_ConfigChannel                  0x08001a6c   Section        0  stm32f1xx_hal_adc.o(i.HAL_ADC_ConfigChannel)
    i.HAL_ADC_GetValue                       0x08001b68   Section        0  stm32f1xx_hal_adc.o(i.HAL_ADC_GetValue)
    i.HAL_ADC_Init                           0x08001b70   Section        0  stm32f1xx_hal_adc.o(i.HAL_ADC_Init)
    i.HAL_ADC_MspInit                        0x08001c8c   Section        0  stm32f1xx_hal_msp.o(i.HAL_ADC_MspInit)
    i.HAL_ADC_PollForConversion              0x08001d04   Section        0  stm32f1xx_hal_adc.o(i.HAL_ADC_PollForConversion)
    i.HAL_ADC_Start                          0x08001e40   Section        0  stm32f1xx_hal_adc.o(i.HAL_ADC_Start)
    i.HAL_DMA_Abort                          0x08001f00   Section        0  stm32f1xx_hal_dma.o(i.HAL_DMA_Abort)
    i.HAL_DMA_Abort_IT                       0x08001f48   Section        0  stm32f1xx_hal_dma.o(i.HAL_DMA_Abort_IT)
    i.HAL_Delay                              0x08001fe0   Section        0  stm32f1xx_hal.o(i.HAL_Delay)
    i.HAL_GPIO_Init                          0x08002004   Section        0  stm32f1xx_hal_gpio.o(i.HAL_GPIO_Init)
    i.HAL_GPIO_WritePin                      0x080021e4   Section        0  stm32f1xx_hal_gpio.o(i.HAL_GPIO_WritePin)
    i.HAL_GetTick                            0x080021f0   Section        0  stm32f1xx_hal.o(i.HAL_GetTick)
    i.HAL_IncTick                            0x080021fc   Section        0  stm32f1xx_hal.o(i.HAL_IncTick)
    i.HAL_Init                               0x0800220c   Section        0  stm32f1xx_hal.o(i.HAL_Init)
    i.HAL_InitTick                           0x08002230   Section        0  stm32f1xx_hal.o(i.HAL_InitTick)
    i.HAL_MspInit                            0x08002270   Section        0  stm32f1xx_hal_msp.o(i.HAL_MspInit)
    i.HAL_NVIC_EnableIRQ                     0x080022ac   Section        0  stm32f1xx_hal_cortex.o(i.HAL_NVIC_EnableIRQ)
    i.HAL_NVIC_SetPriority                   0x080022c8   Section        0  stm32f1xx_hal_cortex.o(i.HAL_NVIC_SetPriority)
    i.HAL_NVIC_SetPriorityGrouping           0x08002308   Section        0  stm32f1xx_hal_cortex.o(i.HAL_NVIC_SetPriorityGrouping)
    i.HAL_RCCEx_GetPeriphCLKFreq             0x0800232c   Section        0  stm32f1xx_hal_rcc_ex.o(i.HAL_RCCEx_GetPeriphCLKFreq)
    i.HAL_RCCEx_PeriphCLKConfig              0x080023d0   Section        0  stm32f1xx_hal_rcc_ex.o(i.HAL_RCCEx_PeriphCLKConfig)
    i.HAL_RCC_ClockConfig                    0x080024bc   Section        0  stm32f1xx_hal_rcc.o(i.HAL_RCC_ClockConfig)
    i.HAL_RCC_GetPCLK1Freq                   0x080025e8   Section        0  stm32f1xx_hal_rcc.o(i.HAL_RCC_GetPCLK1Freq)
    i.HAL_RCC_GetPCLK2Freq                   0x08002608   Section        0  stm32f1xx_hal_rcc.o(i.HAL_RCC_GetPCLK2Freq)
    i.HAL_RCC_GetSysClockFreq                0x08002628   Section        0  stm32f1xx_hal_rcc.o(i.HAL_RCC_GetSysClockFreq)
    i.HAL_RCC_OscConfig                      0x08002674   Section        0  stm32f1xx_hal_rcc.o(i.HAL_RCC_OscConfig)
    i.HAL_SYSTICK_Config                     0x08002994   Section        0  stm32f1xx_hal_cortex.o(i.HAL_SYSTICK_Config)
    i.HAL_UARTEx_RxEventCallback             0x080029bc   Section        0  stm32f1xx_hal_uart.o(i.HAL_UARTEx_RxEventCallback)
    i.HAL_UART_ErrorCallback                 0x080029be   Section        0  stm32f1xx_hal_uart.o(i.HAL_UART_ErrorCallback)
    i.HAL_UART_IRQHandler                    0x080029c0   Section        0  stm32f1xx_hal_uart.o(i.HAL_UART_IRQHandler)
    i.HAL_UART_Init                          0x08002c2c   Section        0  stm32f1xx_hal_uart.o(i.HAL_UART_Init)
    i.HAL_UART_MspInit                       0x08002c90   Section        0  stm32f1xx_hal_msp.o(i.HAL_UART_MspInit)
    i.HAL_UART_Receive                       0x08002d80   Section        0  stm32f1xx_hal_uart.o(i.HAL_UART_Receive)
    i.HAL_UART_RxCpltCallback                0x08002e2c   Section        0  stm32f1xx_hal_uart.o(i.HAL_UART_RxCpltCallback)
    i.HAL_UART_TxCpltCallback                0x08002e2e   Section        0  stm32f1xx_hal_uart.o(i.HAL_UART_TxCpltCallback)
    i.HardFault_Handler                      0x08002e30   Section        0  stm32f1xx_it.o(i.HardFault_Handler)
    i.MX_ADC1_Init                           0x08002e34   Section        0  main.o(i.MX_ADC1_Init)
    MX_ADC1_Init                             0x08002e35   Thumb Code    68  main.o(i.MX_ADC1_Init)
    i.MX_GPIO_Init                           0x08002e80   Section        0  main.o(i.MX_GPIO_Init)
    MX_GPIO_Init                             0x08002e81   Thumb Code   104  main.o(i.MX_GPIO_Init)
    i.MemManage_Handler                      0x08002ef0   Section        0  stm32f1xx_it.o(i.MemManage_Handler)
    i.NMI_Handler                            0x08002ef2   Section        0  stm32f1xx_it.o(i.NMI_Handler)
    i.PendSV_Handler                         0x08002ef4   Section        0  stm32f1xx_it.o(i.PendSV_Handler)
    i.Recieve_Temp                           0x08002ef8   Section        0  main.o(i.Recieve_Temp)
    i.SEL_CH0                                0x08002f8c   Section        0  main.o(i.SEL_CH0)
    i.SEL_CH1                                0x08002fb0   Section        0  main.o(i.SEL_CH1)
    i.SEL_CH4                                0x08002fd4   Section        0  main.o(i.SEL_CH4)
    i.SEL_CH5                                0x08002ff8   Section        0  main.o(i.SEL_CH5)
    i.SEL_CH6                                0x0800301c   Section        0  main.o(i.SEL_CH6)
    i.SEL_CH7                                0x08003040   Section        0  main.o(i.SEL_CH7)
    i.SEL_CH8                                0x08003064   Section        0  main.o(i.SEL_CH8)
    i.SEL_CH9                                0x08003088   Section        0  main.o(i.SEL_CH9)
    i.SVC_Handler                            0x080030ac   Section        0  stm32f1xx_it.o(i.SVC_Handler)
    i.SysTick_Handler                        0x080030ae   Section        0  stm32f1xx_it.o(i.SysTick_Handler)
    i.SystemClock_Config                     0x080030b2   Section        0  main.o(i.SystemClock_Config)
    i.SystemInit                             0x0800312a   Section        0  system_stm32f1xx.o(i.SystemInit)
    i.Temperatures                           0x0800312c   Section        0  main.o(i.Temperatures)
    i.UART_DMAAbortOnError                   0x08003154   Section        0  stm32f1xx_hal_uart.o(i.UART_DMAAbortOnError)
    UART_DMAAbortOnError                     0x08003155   Thumb Code    16  stm32f1xx_hal_uart.o(i.UART_DMAAbortOnError)
    i.UART_EndRxTransfer                     0x08003164   Section        0  stm32f1xx_hal_uart.o(i.UART_EndRxTransfer)
    UART_EndRxTransfer                       0x08003165   Thumb Code    78  stm32f1xx_hal_uart.o(i.UART_EndRxTransfer)
    i.UART_Receive_IT                        0x080031b2   Section        0  stm32f1xx_hal_uart.o(i.UART_Receive_IT)
    UART_Receive_IT                          0x080031b3   Thumb Code   194  stm32f1xx_hal_uart.o(i.UART_Receive_IT)
    i.UART_SetConfig                         0x08003274   Section        0  stm32f1xx_hal_uart.o(i.UART_SetConfig)
    UART_SetConfig                           0x08003275   Thumb Code   178  stm32f1xx_hal_uart.o(i.UART_SetConfig)
    i.UART_WaitOnFlagUntilTimeout            0x0800332c   Section        0  stm32f1xx_hal_uart.o(i.UART_WaitOnFlagUntilTimeout)
    UART_WaitOnFlagUntilTimeout              0x0800332d   Thumb Code   120  stm32f1xx_hal_uart.o(i.UART_WaitOnFlagUntilTimeout)
    i.USART1_IRQHandler                      0x080033a4   Section        0  stm32f1xx_it.o(i.USART1_IRQHandler)
    i.USART2_IRQHandler                      0x080033b0   Section        0  stm32f1xx_it.o(i.USART2_IRQHandler)
    i.UsageFault_Handler                     0x080033bc   Section        0  stm32f1xx_it.o(i.UsageFault_Handler)
    i.__NVIC_SetPriority                     0x080033be   Section        0  stm32f1xx_hal_cortex.o(i.__NVIC_SetPriority)
    __NVIC_SetPriority                       0x080033bf   Thumb Code    32  stm32f1xx_hal_cortex.o(i.__NVIC_SetPriority)
    i.__mathlib_dbl_overflow                 0x080033de   Section        0  dunder.o(i.__mathlib_dbl_overflow)
    i.__mathlib_dbl_underflow                0x080033ec   Section        0  dunder.o(i.__mathlib_dbl_underflow)
    i.__mathlib_narrow                       0x080033fc   Section        0  narrow.o(i.__mathlib_narrow)
    i.__mathlib_tofloat                      0x0800340c   Section        0  narrow.o(i.__mathlib_tofloat)
    i.__support_ldexp                        0x080034c8   Section        0  ldexp.o(i.__support_ldexp)
    i._is_digit                              0x080034de   Section        0  __printf_wp.o(i._is_digit)
    i.atof                                   0x080034ec   Section        0  atof.o(i.atof)
    i.frexp                                  0x08003518   Section        0  frexp.o(i.frexp)
    i.ldexp                                  0x08003570   Section        0  ldexp.o(i.ldexp)
    i.main                                   0x080035e4   Section        0  main.o(i.main)
    locale$$code                             0x0800369c   Section       44  lc_numeric_c.o(locale$$code)
    locale$$code                             0x080036c8   Section       44  lc_ctype_c.o(locale$$code)
    x$fpl$d2f                                0x080036f4   Section       98  d2f.o(x$fpl$d2f)
    x$fpl$dcheck1                            0x08003758   Section       16  dcheck1.o(x$fpl$dcheck1)
    x$fpl$dcmpinf                            0x08003768   Section       24  dcmpi.o(x$fpl$dcmpinf)
    x$fpl$deqf                               0x08003780   Section      120  deqf.o(x$fpl$deqf)
    x$fpl$dleqf                              0x080037f8   Section      120  dleqf.o(x$fpl$dleqf)
    x$fpl$dmul                               0x08003870   Section      340  dmul.o(x$fpl$dmul)
    x$fpl$dnaninf                            0x080039c4   Section      156  dnaninf.o(x$fpl$dnaninf)
    x$fpl$dretinf                            0x08003a60   Section       12  dretinf.o(x$fpl$dretinf)
    x$fpl$drleqf                             0x08003a6c   Section      108  drleqf.o(x$fpl$drleqf)
    x$fpl$f2d                                0x08003ad8   Section       86  f2d.o(x$fpl$f2d)
    x$fpl$fcheck1                            0x08003b30   Section       12  fcheck1.o(x$fpl$fcheck1)
    x$fpl$ffltu                              0x08003b3c   Section       38  fflt_clz.o(x$fpl$ffltu)
    x$fpl$fnaninf                            0x08003b62   Section      140  fnaninf.o(x$fpl$fnaninf)
    x$fpl$fretinf                            0x08003bee   Section       10  fretinf.o(x$fpl$fretinf)
    x$fpl$ieeestatus                         0x08003bf8   Section        6  istatus.o(x$fpl$ieeestatus)
    x$fpl$retnan                             0x08003bfe   Section      100  retnan.o(x$fpl$retnan)
    x$fpl$scalbn                             0x08003c62   Section       92  scalbn.o(x$fpl$scalbn)
    x$fpl$scalbnf                            0x08003cbe   Section       76  scalbnf.o(x$fpl$scalbnf)
    x$fpl$scanf1                             0x08003d0a   Section        4  scanf1.o(x$fpl$scanf1)
    x$fpl$scanf2                             0x08003d0e   Section        8  scanf2.o(x$fpl$scanf2)
    x$fpl$trapveneer                         0x08003d16   Section       48  trapv.o(x$fpl$trapveneer)
    .constdata                               0x08003d46   Section       18  stm32f1xx_hal_rcc.o(.constdata)
    x$fpl$usenofp                            0x08003d46   Section        0  usenofp.o(x$fpl$usenofp)
    aPredivFactorTable                       0x08003d46   Data           2  stm32f1xx_hal_rcc.o(.constdata)
    aPLLMULFactorTable                       0x08003d48   Data          16  stm32f1xx_hal_rcc.o(.constdata)
    .constdata                               0x08003d58   Section       18  stm32f1xx_hal_rcc_ex.o(.constdata)
    aPredivFactorTable                       0x08003d58   Data           2  stm32f1xx_hal_rcc_ex.o(.constdata)
    aPLLMULFactorTable                       0x08003d5a   Data          16  stm32f1xx_hal_rcc_ex.o(.constdata)
    .constdata                               0x08003d6a   Section       16  system_stm32f1xx.o(.constdata)
    .constdata                               0x08003d7a   Section        8  system_stm32f1xx.o(.constdata)
    .constdata                               0x08003d84   Section      148  bigflt0.o(.constdata)
    tenpwrs_x                                0x08003d84   Data          60  bigflt0.o(.constdata)
    tenpwrs_i                                0x08003dc0   Data          64  bigflt0.o(.constdata)
    c$$dinf                                  0x08003e38   Section        8  fpconst.o(c$$dinf)
    c$$dmax                                  0x08003e40   Section        8  fpconst.o(c$$dmax)
    locale$$data                             0x08003e48   Section       28  lc_numeric_c.o(locale$$data)
    __lcnum_c_name                           0x08003e4c   Data           2  lc_numeric_c.o(locale$$data)
    __lcnum_c_start                          0x08003e54   Data           0  lc_numeric_c.o(locale$$data)
    __lcnum_c_point                          0x08003e60   Data           0  lc_numeric_c.o(locale$$data)
    __lcnum_c_thousands                      0x08003e62   Data           0  lc_numeric_c.o(locale$$data)
    __lcnum_c_grouping                       0x08003e63   Data           0  lc_numeric_c.o(locale$$data)
    locale$$data                             0x08003e64   Section      272  lc_ctype_c.o(locale$$data)
    __lcnum_c_end                            0x08003e64   Data           0  lc_numeric_c.o(locale$$data)
    __lcctype_c_name                         0x08003e68   Data           2  lc_ctype_c.o(locale$$data)
    __lcctype_c_start                        0x08003e70   Data           0  lc_ctype_c.o(locale$$data)
    __lcctype_c_end                          0x08003f74   Data           0  lc_ctype_c.o(locale$$data)
    .data                                    0x20000000   Section       76  main.o(.data)
    .data                                    0x2000004c   Section       12  stm32f1xx_hal.o(.data)
    .data                                    0x20000058   Section        4  system_stm32f1xx.o(.data)
    .data                                    0x2000005c   Section        4  strtok.o(.data)
    _strtok_saves1                           0x2000005c   Data           4  strtok.o(.data)
    .bss                                     0x20000060   Section      378  main.o(.bss)
    .bss                                     0x200001dc   Section       96  libspace.o(.bss)
    HEAP                                     0x20000240   Section      512  startup_stm32f103xb.o(HEAP)
    Heap_Mem                                 0x20000240   Data         512  startup_stm32f103xb.o(HEAP)
    STACK                                    0x20000440   Section     1024  startup_stm32f103xb.o(STACK)
    Stack_Mem                                0x20000440   Data        1024  startup_stm32f103xb.o(STACK)
    __initial_sp                             0x20000840   Data           0  startup_stm32f103xb.o(STACK)

    Global Symbols

    Symbol Name                              Value     Ov Type        Size  Object(Section)

    BuildAttributes$$THM_ISAv4$P$D$K$B$S$PE$A:L22UL41UL21$X:L11$S22US41US21$IEEE1$IW$USESV6$~STKCKD$USESV7$~SHL$OTIME$ROPI$IEEEX$EBA8$UX$STANDARDLIB$REQ8$PRES8$EABIv2 0x00000000   Number         0  anon$$obj.o ABSOLUTE
    __ARM_use_no_argv                        0x00000000   Number         0  main.o ABSOLUTE
    _printf_flags                            0x00000000   Number         0  printf_stubs.o ABSOLUTE
    _printf_return_value                     0x00000000   Number         0  printf_stubs.o ABSOLUTE
    _printf_sizespec                         0x00000000   Number         0  printf_stubs.o ABSOLUTE
    _printf_widthprec                        0x00000000   Number         0  printf_stubs.o ABSOLUTE
    __ARM_exceptions_init                     - Undefined Weak Reference
    __alloca_initialize                       - Undefined Weak Reference
    __arm_fini_                               - Undefined Weak Reference
    __arm_preinit_                            - Undefined Weak Reference
    __cpp_initialize__aeabi_                  - Undefined Weak Reference
    __cxa_finalize                            - Undefined Weak Reference
    __sigvec_lookup                           - Undefined Weak Reference
    _atexit_init                              - Undefined Weak Reference
    _call_atexit_fns                          - Undefined Weak Reference
    _clock_init                               - Undefined Weak Reference
    _fp_trap_init                             - Undefined Weak Reference
    _fp_trap_shutdown                         - Undefined Weak Reference
    _get_lc_collate                           - Undefined Weak Reference
    _get_lc_monetary                          - Undefined Weak Reference
    _get_lc_time                              - Undefined Weak Reference
    _getenv_init                              - Undefined Weak Reference
    _handle_redirection                       - Undefined Weak Reference
    _init_alloc                               - Undefined Weak Reference
    _init_user_alloc                          - Undefined Weak Reference
    _initio                                   - Undefined Weak Reference
    _printf_post_padding                      - Undefined Weak Reference
    _printf_pre_padding                       - Undefined Weak Reference
    _rand_init                                - Undefined Weak Reference
    _signal_finish                            - Undefined Weak Reference
    _signal_init                              - Undefined Weak Reference
    _terminate_alloc                          - Undefined Weak Reference
    _terminate_user_alloc                     - Undefined Weak Reference
    _terminateio                              - Undefined Weak Reference
    __Vectors_Size                           0x000000ec   Number         0  startup_stm32f103xb.o ABSOLUTE
    __Vectors                                0x08000000   Data           4  startup_stm32f103xb.o(RESET)
    __Vectors_End                            0x080000ec   Data           0  startup_stm32f103xb.o(RESET)
    __main                                   0x080000ed   Thumb Code     8  __main.o(!!!main)
    __scatterload                            0x080000f5   Thumb Code     0  __scatter.o(!!!scatter)
    __scatterload_rt2                        0x080000f5   Thumb Code    44  __scatter.o(!!!scatter)
    __scatterload_rt2_thumb_only             0x080000f5   Thumb Code     0  __scatter.o(!!!scatter)
    __scatterload_null                       0x08000103   Thumb Code     0  __scatter.o(!!!scatter)
    __scatterload_copy                       0x08000129   Thumb Code    26  __scatter_copy.o(!!handler_copy)
    __scatterload_zeroinit                   0x08000145   Thumb Code    28  __scatter_zi.o(!!handler_zi)
    __rt_lib_init                            0x08000161   Thumb Code     0  libinit.o(.ARM.Collect$$libinit$$00000000)
    __rt_lib_init_fp_1                       0x08000163   Thumb Code     0  libinit2.o(.ARM.Collect$$libinit$$00000002)
    __rt_lib_init_heap_1                     0x08000163   Thumb Code     0  libinit2.o(.ARM.Collect$$libinit$$0000000A)
    __rt_lib_init_lc_common                  0x08000163   Thumb Code     0  libinit2.o(.ARM.Collect$$libinit$$0000000F)
    __rt_lib_init_preinit_1                  0x08000163   Thumb Code     0  libinit2.o(.ARM.Collect$$libinit$$00000004)
    __rt_lib_init_rand_1                     0x08000163   Thumb Code     0  libinit2.o(.ARM.Collect$$libinit$$0000000E)
    __rt_lib_init_user_alloc_1               0x08000163   Thumb Code     0  libinit2.o(.ARM.Collect$$libinit$$0000000C)
    __rt_lib_init_lc_collate_1               0x08000169   Thumb Code     0  libinit2.o(.ARM.Collect$$libinit$$00000011)
    __rt_lib_init_lc_ctype_2                 0x08000169   Thumb Code     0  libinit2.o(.ARM.Collect$$libinit$$00000012)
    __rt_lib_init_lc_ctype_1                 0x08000175   Thumb Code     0  libinit2.o(.ARM.Collect$$libinit$$00000013)
    __rt_lib_init_lc_monetary_1              0x08000175   Thumb Code     0  libinit2.o(.ARM.Collect$$libinit$$00000015)
    __rt_lib_init_lc_numeric_2               0x08000175   Thumb Code     0  libinit2.o(.ARM.Collect$$libinit$$00000016)
    __rt_lib_init_alloca_1                   0x0800017f   Thumb Code     0  libinit2.o(.ARM.Collect$$libinit$$0000002E)
    __rt_lib_init_argv_1                     0x0800017f   Thumb Code     0  libinit2.o(.ARM.Collect$$libinit$$0000002C)
    __rt_lib_init_atexit_1                   0x0800017f   Thumb Code     0  libinit2.o(.ARM.Collect$$libinit$$0000001B)
    __rt_lib_init_clock_1                    0x0800017f   Thumb Code     0  libinit2.o(.ARM.Collect$$libinit$$00000021)
    __rt_lib_init_cpp_1                      0x0800017f   Thumb Code     0  libinit2.o(.ARM.Collect$$libinit$$00000032)
    __rt_lib_init_exceptions_1               0x0800017f   Thumb Code     0  libinit2.o(.ARM.Collect$$libinit$$00000030)
    __rt_lib_init_fp_trap_1                  0x0800017f   Thumb Code     0  libinit2.o(.ARM.Collect$$libinit$$0000001F)
    __rt_lib_init_getenv_1                   0x0800017f   Thumb Code     0  libinit2.o(.ARM.Collect$$libinit$$00000023)
    __rt_lib_init_lc_numeric_1               0x0800017f   Thumb Code     0  libinit2.o(.ARM.Collect$$libinit$$00000017)
    __rt_lib_init_lc_time_1                  0x0800017f   Thumb Code     0  libinit2.o(.ARM.Collect$$libinit$$00000019)
    __rt_lib_init_return                     0x0800017f   Thumb Code     0  libinit2.o(.ARM.Collect$$libinit$$00000033)
    __rt_lib_init_signal_1                   0x0800017f   Thumb Code     0  libinit2.o(.ARM.Collect$$libinit$$0000001D)
    __rt_lib_init_stdio_1                    0x0800017f   Thumb Code     0  libinit2.o(.ARM.Collect$$libinit$$00000025)
    __rt_lib_shutdown                        0x08000181   Thumb Code     0  libshutdown.o(.ARM.Collect$$libshutdown$$00000000)
    __rt_lib_shutdown_cpp_1                  0x08000183   Thumb Code     0  libshutdown2.o(.ARM.Collect$$libshutdown$$00000004)
    __rt_lib_shutdown_fini_1                 0x08000183   Thumb Code     0  libshutdown2.o(.ARM.Collect$$libshutdown$$00000002)
    __rt_lib_shutdown_fp_trap_1              0x08000183   Thumb Code     0  libshutdown2.o(.ARM.Collect$$libshutdown$$00000009)
    __rt_lib_shutdown_heap_1                 0x08000183   Thumb Code     0  libshutdown2.o(.ARM.Collect$$libshutdown$$00000011)
    __rt_lib_shutdown_return                 0x08000183   Thumb Code     0  libshutdown2.o(.ARM.Collect$$libshutdown$$00000012)
    __rt_lib_shutdown_signal_1               0x08000183   Thumb Code     0  libshutdown2.o(.ARM.Collect$$libshutdown$$0000000C)
    __rt_lib_shutdown_stdio_1                0x08000183   Thumb Code     0  libshutdown2.o(.ARM.Collect$$libshutdown$$00000006)
    __rt_lib_shutdown_user_alloc_1           0x08000183   Thumb Code     0  libshutdown2.o(.ARM.Collect$$libshutdown$$0000000E)
    __rt_entry                               0x08000185   Thumb Code     0  __rtentry.o(.ARM.Collect$$rtentry$$00000000)
    __rt_entry_presh_1                       0x08000185   Thumb Code     0  __rtentry2.o(.ARM.Collect$$rtentry$$00000002)
    __rt_entry_sh                            0x08000185   Thumb Code     0  __rtentry4.o(.ARM.Collect$$rtentry$$00000004)
    __rt_entry_li                            0x0800018b   Thumb Code     0  __rtentry2.o(.ARM.Collect$$rtentry$$0000000A)
    __rt_entry_postsh_1                      0x0800018b   Thumb Code     0  __rtentry2.o(.ARM.Collect$$rtentry$$00000009)
    __rt_entry_main                          0x0800018f   Thumb Code     0  __rtentry2.o(.ARM.Collect$$rtentry$$0000000D)
    __rt_entry_postli_1                      0x0800018f   Thumb Code     0  __rtentry2.o(.ARM.Collect$$rtentry$$0000000C)
    __rt_exit                                0x08000197   Thumb Code     0  rtexit.o(.ARM.Collect$$rtexit$$00000000)
    __rt_exit_ls                             0x08000199   Thumb Code     0  rtexit2.o(.ARM.Collect$$rtexit$$00000003)
    __rt_exit_prels_1                        0x08000199   Thumb Code     0  rtexit2.o(.ARM.Collect$$rtexit$$00000002)
    __rt_exit_exit                           0x0800019d   Thumb Code     0  rtexit2.o(.ARM.Collect$$rtexit$$00000004)
    Reset_Handler                            0x080001a5   Thumb Code     8  startup_stm32f103xb.o(.text)
    ADC1_2_IRQHandler                        0x080001bf   Thumb Code     0  startup_stm32f103xb.o(.text)
    CAN1_RX1_IRQHandler                      0x080001bf   Thumb Code     0  startup_stm32f103xb.o(.text)
    CAN1_SCE_IRQHandler                      0x080001bf   Thumb Code     0  startup_stm32f103xb.o(.text)
    DMA1_Channel1_IRQHandler                 0x080001bf   Thumb Code     0  startup_stm32f103xb.o(.text)
    DMA1_Channel2_IRQHandler                 0x080001bf   Thumb Code     0  startup_stm32f103xb.o(.text)
    DMA1_Channel3_IRQHandler                 0x080001bf   Thumb Code     0  startup_stm32f103xb.o(.text)
    DMA1_Channel4_IRQHandler                 0x080001bf   Thumb Code     0  startup_stm32f103xb.o(.text)
    DMA1_Channel5_IRQHandler                 0x080001bf   Thumb Code     0  startup_stm32f103xb.o(.text)
    DMA1_Channel6_IRQHandler                 0x080001bf   Thumb Code     0  startup_stm32f103xb.o(.text)
    DMA1_Channel7_IRQHandler                 0x080001bf   Thumb Code     0  startup_stm32f103xb.o(.text)
    EXTI0_IRQHandler                         0x080001bf   Thumb Code     0  startup_stm32f103xb.o(.text)
    EXTI15_10_IRQHandler                     0x080001bf   Thumb Code     0  startup_stm32f103xb.o(.text)
    EXTI1_IRQHandler                         0x080001bf   Thumb Code     0  startup_stm32f103xb.o(.text)
    EXTI2_IRQHandler                         0x080001bf   Thumb Code     0  startup_stm32f103xb.o(.text)
    EXTI3_IRQHandler                         0x080001bf   Thumb Code     0  startup_stm32f103xb.o(.text)
    EXTI4_IRQHandler                         0x080001bf   Thumb Code     0  startup_stm32f103xb.o(.text)
    EXTI9_5_IRQHandler                       0x080001bf   Thumb Code     0  startup_stm32f103xb.o(.text)
    FLASH_IRQHandler                         0x080001bf   Thumb Code     0  startup_stm32f103xb.o(.text)
    I2C1_ER_IRQHandler                       0x080001bf   Thumb Code     0  startup_stm32f103xb.o(.text)
    I2C1_EV_IRQHandler                       0x080001bf   Thumb Code     0  startup_stm32f103xb.o(.text)
    I2C2_ER_IRQHandler                       0x080001bf   Thumb Code     0  startup_stm32f103xb.o(.text)
    I2C2_EV_IRQHandler                       0x080001bf   Thumb Code     0  startup_stm32f103xb.o(.text)
    PVD_IRQHandler                           0x080001bf   Thumb Code     0  startup_stm32f103xb.o(.text)
    RCC_IRQHandler                           0x080001bf   Thumb Code     0  startup_stm32f103xb.o(.text)
    RTC_Alarm_IRQHandler                     0x080001bf   Thumb Code     0  startup_stm32f103xb.o(.text)
    RTC_IRQHandler                           0x080001bf   Thumb Code     0  startup_stm32f103xb.o(.text)
    SPI1_IRQHandler                          0x080001bf   Thumb Code     0  startup_stm32f103xb.o(.text)
    SPI2_IRQHandler                          0x080001bf   Thumb Code     0  startup_stm32f103xb.o(.text)
    TAMPER_IRQHandler                        0x080001bf   Thumb Code     0  startup_stm32f103xb.o(.text)
    TIM1_BRK_IRQHandler                      0x080001bf   Thumb Code     0  startup_stm32f103xb.o(.text)
    TIM1_CC_IRQHandler                       0x080001bf   Thumb Code     0  startup_stm32f103xb.o(.text)
    TIM1_TRG_COM_IRQHandler                  0x080001bf   Thumb Code     0  startup_stm32f103xb.o(.text)
    TIM1_UP_IRQHandler                       0x080001bf   Thumb Code     0  startup_stm32f103xb.o(.text)
    TIM2_IRQHandler                          0x080001bf   Thumb Code     0  startup_stm32f103xb.o(.text)
    TIM3_IRQHandler                          0x080001bf   Thumb Code     0  startup_stm32f103xb.o(.text)
    TIM4_IRQHandler                          0x080001bf   Thumb Code     0  startup_stm32f103xb.o(.text)
    USART3_IRQHandler                        0x080001bf   Thumb Code     0  startup_stm32f103xb.o(.text)
    USBWakeUp_IRQHandler                     0x080001bf   Thumb Code     0  startup_stm32f103xb.o(.text)
    USB_HP_CAN1_TX_IRQHandler                0x080001bf   Thumb Code     0  startup_stm32f103xb.o(.text)
    USB_LP_CAN1_RX0_IRQHandler               0x080001bf   Thumb Code     0  startup_stm32f103xb.o(.text)
    WWDG_IRQHandler                          0x080001bf   Thumb Code     0  startup_stm32f103xb.o(.text)
    __user_initial_stackheap                 0x080001c1   Thumb Code     0  startup_stm32f103xb.o(.text)
    strtok                                   0x080001e5   Thumb Code     6  strtok.o(.text)
    strncmp                                  0x080001f1   Thumb Code   150  strncmp.o(.text)
    __aeabi_memclr4                          0x08000287   Thumb Code     0  rt_memclr_w.o(.text)
    __aeabi_memclr8                          0x08000287   Thumb Code     0  rt_memclr_w.o(.text)
    __rt_memclr_w                            0x08000287   Thumb Code    78  rt_memclr_w.o(.text)
    _memset_w                                0x0800028b   Thumb Code     0  rt_memclr_w.o(.text)
    __use_two_region_memory                  0x080002d5   Thumb Code     2  heapauxi.o(.text)
    __rt_heap_escrow$2region                 0x080002d7   Thumb Code     2  heapauxi.o(.text)
    __rt_heap_expand$2region                 0x080002d9   Thumb Code     2  heapauxi.o(.text)
    __read_errno                             0x080002db   Thumb Code    10  _rserrno.o(.text)
    __set_errno                              0x080002e5   Thumb Code    12  _rserrno.o(.text)
    __strtod_int                             0x0800032d   Thumb Code    90  strtod.o(.text)
    __strtok_internal                        0x08000395   Thumb Code    64  strtok_int.o(.text)
    __rt_locale                              0x080003d9   Thumb Code     8  rt_locale_intlibspace.o(.text)
    __aeabi_errno_addr                       0x080003e1   Thumb Code     8  rt_errno_addr_intlibspace.o(.text)
    __errno$intlibspace                      0x080003e1   Thumb Code     0  rt_errno_addr_intlibspace.o(.text)
    __rt_errno_addr$intlibspace              0x080003e1   Thumb Code     0  rt_errno_addr_intlibspace.o(.text)
    isspace                                  0x080003e9   Thumb Code    18  isspace.o(.text)
    _sgetc                                   0x080003fb   Thumb Code    30  _sgetc.o(.text)
    _sbackspace                              0x08000419   Thumb Code    34  _sgetc.o(.text)
    _btod_etento                             0x0800043d   Thumb Code   224  bigflt0.o(.text)
    strcspn                                  0x08000521   Thumb Code    32  strcspn.o(.text)
    strspn                                   0x08000541   Thumb Code    28  strspn.o(.text)
    __user_libspace                          0x0800055d   Thumb Code     8  libspace.o(.text)
    __user_perproc_libspace                  0x0800055d   Thumb Code     0  libspace.o(.text)
    __user_perthread_libspace                0x0800055d   Thumb Code     0  libspace.o(.text)
    __user_setup_stackheap                   0x08000565   Thumb Code    74  sys_stackheap_outer.o(.text)
    __rt_ctype_table                         0x080005b1   Thumb Code    16  rt_ctype_table.o(.text)
    _scanf_really_real                       0x0800080d   Thumb Code   684  scanf_fp.o(.text)
    exit                                     0x08000ab9   Thumb Code    18  exit.o(.text)
    strcmp                                   0x08000acd   Thumb Code   128  strcmpv7m.o(.text)
    _scanf_really_hex_real                   0x08000b4d   Thumb Code   786  scanf_hexfp.o(.text)
    _scanf_really_infnan                     0x08000e6d   Thumb Code   292  scanf_infnan.o(.text)
    _sys_exit                                0x08000fa1   Thumb Code     8  sys_exit.o(.text)
    __aeabi_llsl                             0x08000fad   Thumb Code     0  llshl.o(.text)
    _ll_shift_l                              0x08000fad   Thumb Code    38  llshl.o(.text)
    _chval                                   0x08000fd3   Thumb Code    28  _chval.o(.text)
    __I$use$semihosting                      0x08000fef   Thumb Code     0  use_no_semi.o(.text)
    __use_no_semihosting_swi                 0x08000fef   Thumb Code     2  use_no_semi.o(.text)
    __btod_div_common                        0x08000ff1   Thumb Code   696  btod.o(CL$$btod_div_common)
    __semihosting_library_function           0x08000ff1   Thumb Code     0  indicate_semi.o(.text)
    _e2d                                     0x08001329   Thumb Code   122  btod.o(CL$$btod_e2d)
    _e2e                                     0x080013ad   Thumb Code   220  btod.o(CL$$btod_e2e)
    _btod_ediv                               0x08001489   Thumb Code    42  btod.o(CL$$btod_ediv)
    _btod_edivd                              0x080014b3   Thumb Code    42  btod.o(CL$$btod_edivd)
    _btod_emul                               0x080014dd   Thumb Code    42  btod.o(CL$$btod_emul)
    _btod_emuld                              0x08001507   Thumb Code    42  btod.o(CL$$btod_emuld)
    __btod_mult_common                       0x08001531   Thumb Code   580  btod.o(CL$$btod_mult_common)
    ADC_ConversionStop_Disable               0x08001775   Thumb Code    86  stm32f1xx_hal_adc.o(i.ADC_ConversionStop_Disable)
    ADC_Enable                               0x080017cd   Thumb Code   114  stm32f1xx_hal_adc.o(i.ADC_Enable)
    ADC_Read                                 0x08001849   Thumb Code   266  main.o(i.ADC_Read)
    ADC_Voltage                              0x08001959   Thumb Code   232  main.o(i.ADC_Voltage)
    Battery                                  0x08001a4d   Thumb Code    18  main.o(i.Battery)
    BusFault_Handler                         0x08001a69   Thumb Code     2  stm32f1xx_it.o(i.BusFault_Handler)
    DebugMon_Handler                         0x08001a6b   Thumb Code     2  stm32f1xx_it.o(i.DebugMon_Handler)
    HAL_ADC_ConfigChannel                    0x08001a6d   Thumb Code   240  stm32f1xx_hal_adc.o(i.HAL_ADC_ConfigChannel)
    HAL_ADC_GetValue                         0x08001b69   Thumb Code     6  stm32f1xx_hal_adc.o(i.HAL_ADC_GetValue)
    HAL_ADC_Init                             0x08001b71   Thumb Code   272  stm32f1xx_hal_adc.o(i.HAL_ADC_Init)
    HAL_ADC_MspInit                          0x08001c8d   Thumb Code   104  stm32f1xx_hal_msp.o(i.HAL_ADC_MspInit)
    HAL_ADC_PollForConversion                0x08001d05   Thumb Code   304  stm32f1xx_hal_adc.o(i.HAL_ADC_PollForConversion)
    HAL_ADC_Start                            0x08001e41   Thumb Code   184  stm32f1xx_hal_adc.o(i.HAL_ADC_Start)
    HAL_DMA_Abort                            0x08001f01   Thumb Code    70  stm32f1xx_hal_dma.o(i.HAL_DMA_Abort)
    HAL_DMA_Abort_IT                         0x08001f49   Thumb Code   148  stm32f1xx_hal_dma.o(i.HAL_DMA_Abort_IT)
    HAL_Delay                                0x08001fe1   Thumb Code    32  stm32f1xx_hal.o(i.HAL_Delay)
    HAL_GPIO_Init                            0x08002005   Thumb Code   446  stm32f1xx_hal_gpio.o(i.HAL_GPIO_Init)
    HAL_GPIO_WritePin                        0x080021e5   Thumb Code    10  stm32f1xx_hal_gpio.o(i.HAL_GPIO_WritePin)
    HAL_GetTick                              0x080021f1   Thumb Code     6  stm32f1xx_hal.o(i.HAL_GetTick)
    HAL_IncTick                              0x080021fd   Thumb Code    12  stm32f1xx_hal.o(i.HAL_IncTick)
    HAL_Init                                 0x0800220d   Thumb Code    32  stm32f1xx_hal.o(i.HAL_Init)
    HAL_InitTick                             0x08002231   Thumb Code    54  stm32f1xx_hal.o(i.HAL_InitTick)
    HAL_MspInit                              0x08002271   Thumb Code    52  stm32f1xx_hal_msp.o(i.HAL_MspInit)
    HAL_NVIC_EnableIRQ                       0x080022ad   Thumb Code    26  stm32f1xx_hal_cortex.o(i.HAL_NVIC_EnableIRQ)
    HAL_NVIC_SetPriority                     0x080022c9   Thumb Code    60  stm32f1xx_hal_cortex.o(i.HAL_NVIC_SetPriority)
    HAL_NVIC_SetPriorityGrouping             0x08002309   Thumb Code    26  stm32f1xx_hal_cortex.o(i.HAL_NVIC_SetPriorityGrouping)
    HAL_RCCEx_GetPeriphCLKFreq               0x0800232d   Thumb Code   148  stm32f1xx_hal_rcc_ex.o(i.HAL_RCCEx_GetPeriphCLKFreq)
    HAL_RCCEx_PeriphCLKConfig                0x080023d1   Thumb Code   224  stm32f1xx_hal_rcc_ex.o(i.HAL_RCCEx_PeriphCLKConfig)
    HAL_RCC_ClockConfig                      0x080024bd   Thumb Code   280  stm32f1xx_hal_rcc.o(i.HAL_RCC_ClockConfig)
    HAL_RCC_GetPCLK1Freq                     0x080025e9   Thumb Code    20  stm32f1xx_hal_rcc.o(i.HAL_RCC_GetPCLK1Freq)
    HAL_RCC_GetPCLK2Freq                     0x08002609   Thumb Code    20  stm32f1xx_hal_rcc.o(i.HAL_RCC_GetPCLK2Freq)
    HAL_RCC_GetSysClockFreq                  0x08002629   Thumb Code    58  stm32f1xx_hal_rcc.o(i.HAL_RCC_GetSysClockFreq)
    HAL_RCC_OscConfig                        0x08002675   Thumb Code   778  stm32f1xx_hal_rcc.o(i.HAL_RCC_OscConfig)
    HAL_SYSTICK_Config                       0x08002995   Thumb Code    40  stm32f1xx_hal_cortex.o(i.HAL_SYSTICK_Config)
    HAL_UARTEx_RxEventCallback               0x080029bd   Thumb Code     2  stm32f1xx_hal_uart.o(i.HAL_UARTEx_RxEventCallback)
    HAL_UART_ErrorCallback                   0x080029bf   Thumb Code     2  stm32f1xx_hal_uart.o(i.HAL_UART_ErrorCallback)
    HAL_UART_IRQHandler                      0x080029c1   Thumb Code   616  stm32f1xx_hal_uart.o(i.HAL_UART_IRQHandler)
    HAL_UART_Init                            0x08002c2d   Thumb Code   100  stm32f1xx_hal_uart.o(i.HAL_UART_Init)
    HAL_UART_MspInit                         0x08002c91   Thumb Code   214  stm32f1xx_hal_msp.o(i.HAL_UART_MspInit)
    HAL_UART_Receive                         0x08002d81   Thumb Code   172  stm32f1xx_hal_uart.o(i.HAL_UART_Receive)
    HAL_UART_RxCpltCallback                  0x08002e2d   Thumb Code     2  stm32f1xx_hal_uart.o(i.HAL_UART_RxCpltCallback)
    HAL_UART_TxCpltCallback                  0x08002e2f   Thumb Code     2  stm32f1xx_hal_uart.o(i.HAL_UART_TxCpltCallback)
    HardFault_Handler                        0x08002e31   Thumb Code     2  stm32f1xx_it.o(i.HardFault_Handler)
    MemManage_Handler                        0x08002ef1   Thumb Code     2  stm32f1xx_it.o(i.MemManage_Handler)
    NMI_Handler                              0x08002ef3   Thumb Code     2  stm32f1xx_it.o(i.NMI_Handler)
    PendSV_Handler                           0x08002ef5   Thumb Code     2  stm32f1xx_it.o(i.PendSV_Handler)
    Recieve_Temp                             0x08002ef9   Thumb Code   118  main.o(i.Recieve_Temp)
    SEL_CH0                                  0x08002f8d   Thumb Code    32  main.o(i.SEL_CH0)
    SEL_CH1                                  0x08002fb1   Thumb Code    30  main.o(i.SEL_CH1)
    SEL_CH4                                  0x08002fd5   Thumb Code    32  main.o(i.SEL_CH4)
    SEL_CH5                                  0x08002ff9   Thumb Code    32  main.o(i.SEL_CH5)
    SEL_CH6                                  0x0800301d   Thumb Code    30  main.o(i.SEL_CH6)
    SEL_CH7                                  0x08003041   Thumb Code    32  main.o(i.SEL_CH7)
    SEL_CH8                                  0x08003065   Thumb Code    32  main.o(i.SEL_CH8)
    SEL_CH9                                  0x08003089   Thumb Code    32  main.o(i.SEL_CH9)
    SVC_Handler                              0x080030ad   Thumb Code     2  stm32f1xx_it.o(i.SVC_Handler)
    SysTick_Handler                          0x080030af   Thumb Code     4  stm32f1xx_it.o(i.SysTick_Handler)
    SystemClock_Config                       0x080030b3   Thumb Code   120  main.o(i.SystemClock_Config)
    SystemInit                               0x0800312b   Thumb Code     2  system_stm32f1xx.o(i.SystemInit)
    Temperatures                             0x0800312d   Thumb Code    32  main.o(i.Temperatures)
    USART1_IRQHandler                        0x080033a5   Thumb Code     6  stm32f1xx_it.o(i.USART1_IRQHandler)
    USART2_IRQHandler                        0x080033b1   Thumb Code     6  stm32f1xx_it.o(i.USART2_IRQHandler)
    UsageFault_Handler                       0x080033bd   Thumb Code     2  stm32f1xx_it.o(i.UsageFault_Handler)
    __mathlib_dbl_overflow                   0x080033df   Thumb Code    14  dunder.o(i.__mathlib_dbl_overflow)
    __mathlib_dbl_underflow                  0x080033ed   Thumb Code    10  dunder.o(i.__mathlib_dbl_underflow)
    __mathlib_narrow                         0x080033fd   Thumb Code    16  narrow.o(i.__mathlib_narrow)
    __mathlib_tofloat                        0x0800340d   Thumb Code   184  narrow.o(i.__mathlib_tofloat)
    __support_ldexp                          0x080034c9   Thumb Code    22  ldexp.o(i.__support_ldexp)
    _is_digit                                0x080034df   Thumb Code    14  __printf_wp.o(i._is_digit)
    atof                                     0x080034ed   Thumb Code    42  atof.o(i.atof)
    frexp                                    0x08003519   Thumb Code    80  frexp.o(i.frexp)
    ldexp                                    0x08003571   Thumb Code   116  ldexp.o(i.ldexp)
    main                                     0x080035e5   Thumb Code   172  main.o(i.main)
    _get_lc_numeric                          0x0800369d   Thumb Code    44  lc_numeric_c.o(locale$$code)
    _get_lc_ctype                            0x080036c9   Thumb Code    44  lc_ctype_c.o(locale$$code)
    __aeabi_d2f                              0x080036f5   Thumb Code     0  d2f.o(x$fpl$d2f)
    _d2f                                     0x080036f5   Thumb Code    98  d2f.o(x$fpl$d2f)
    __fpl_dcheck_NaN1                        0x08003759   Thumb Code    10  dcheck1.o(x$fpl$dcheck1)
    __fpl_dcmp_Inf                           0x08003769   Thumb Code    24  dcmpi.o(x$fpl$dcmpinf)
    __aeabi_cdcmpeq                          0x08003781   Thumb Code     0  deqf.o(x$fpl$deqf)
    _dcmpeq                                  0x08003781   Thumb Code   120  deqf.o(x$fpl$deqf)
    __aeabi_cdcmple                          0x080037f9   Thumb Code     0  dleqf.o(x$fpl$dleqf)
    _dcmple                                  0x080037f9   Thumb Code   120  dleqf.o(x$fpl$dleqf)
    __fpl_dcmple_InfNaN                      0x0800385b   Thumb Code     0  dleqf.o(x$fpl$dleqf)
    __aeabi_dmul                             0x08003871   Thumb Code     0  dmul.o(x$fpl$dmul)
    _dmul                                    0x08003871   Thumb Code   332  dmul.o(x$fpl$dmul)
    __fpl_dnaninf                            0x080039c5   Thumb Code   156  dnaninf.o(x$fpl$dnaninf)
    __fpl_dretinf                            0x08003a61   Thumb Code    12  dretinf.o(x$fpl$dretinf)
    __aeabi_cdrcmple                         0x08003a6d   Thumb Code     0  drleqf.o(x$fpl$drleqf)
    _drcmple                                 0x08003a6d   Thumb Code   108  drleqf.o(x$fpl$drleqf)
    __aeabi_f2d                              0x08003ad9   Thumb Code     0  f2d.o(x$fpl$f2d)
    _f2d                                     0x08003ad9   Thumb Code    86  f2d.o(x$fpl$f2d)
    __fpl_fcheck_NaN1                        0x08003b31   Thumb Code     6  fcheck1.o(x$fpl$fcheck1)
    __aeabi_ui2f                             0x08003b3d   Thumb Code     0  fflt_clz.o(x$fpl$ffltu)
    _ffltu                                   0x08003b3d   Thumb Code    38  fflt_clz.o(x$fpl$ffltu)
    __fpl_fnaninf                            0x08003b63   Thumb Code   140  fnaninf.o(x$fpl$fnaninf)
    __fpl_fretinf                            0x08003bef   Thumb Code    10  fretinf.o(x$fpl$fretinf)
    __ieee_status                            0x08003bf9   Thumb Code     6  istatus.o(x$fpl$ieeestatus)
    __fpl_return_NaN                         0x08003bff   Thumb Code   100  retnan.o(x$fpl$retnan)
    __ARM_scalbn                             0x08003c63   Thumb Code    92  scalbn.o(x$fpl$scalbn)
    __ARM_scalbnf                            0x08003cbf   Thumb Code    76  scalbnf.o(x$fpl$scalbnf)
    _scanf_real                              0x08003d0b   Thumb Code     4  scanf1.o(x$fpl$scanf1)
    _scanf_hex_real                          0x08003d0f   Thumb Code     4  scanf2.o(x$fpl$scanf2)
    _scanf_infnan                            0x08003d13   Thumb Code     4  scanf2.o(x$fpl$scanf2)
    __fpl_cmpreturn                          0x08003d17   Thumb Code    48  trapv.o(x$fpl$trapveneer)
    __I$use$fp                               0x08003d46   Number         0  usenofp.o(x$fpl$usenofp)
    AHBPrescTable                            0x08003d6a   Data          16  system_stm32f1xx.o(.constdata)
    APBPrescTable                            0x08003d7a   Data           8  system_stm32f1xx.o(.constdata)
    Region$$Table$$Base                      0x08003e18   Number         0  anon$$obj.o(Region$$Table)
    Region$$Table$$Limit                     0x08003e38   Number         0  anon$$obj.o(Region$$Table)
    __aeabi_HUGE_VAL                         0x08003e38   Data           0  fpconst.o(c$$dinf)
    __aeabi_HUGE_VALL                        0x08003e38   Data           0  fpconst.o(c$$dinf)
    __aeabi_INFINITY                         0x08003e38   Data           0  fpconst.o(c$$dinf)
    __dInf                                   0x08003e38   Data           0  fpconst.o(c$$dinf)
    __huge_val                               0x08003e38   Data           0  fpconst.o(c$$dinf)
    __dbl_max                                0x08003e40   Data           0  fpconst.o(c$$dmax)
    __ctype                                  0x08003e71   Data           0  lc_ctype_c.o(locale$$data)
    receiveStatus                            0x20000000   Data           1  main.o(.data)
    on                                       0x20000002   Data           2  main.o(.data)
    off                                      0x20000004   Data           2  main.o(.data)
    tm                                       0x20000006   Data           2  main.o(.data)
    battery                                  0x20000008   Data           2  main.o(.data)
    temp                                     0x2000000a   Data           2  main.o(.data)
    car                                      0x2000000c   Data           2  main.o(.data)
    ADC_V1                                   0x20000010   Data           4  main.o(.data)
    ADC_V2                                   0x20000014   Data           4  main.o(.data)
    ADC_V3                                   0x20000018   Data           4  main.o(.data)
    ADC_V4                                   0x2000001c   Data           4  main.o(.data)
    ADC_V5                                   0x20000020   Data           4  main.o(.data)
    ADC_V6                                   0x20000024   Data           4  main.o(.data)
    ADC_V7                                   0x20000028   Data           4  main.o(.data)
    ADC_V8                                   0x2000002c   Data           4  main.o(.data)
    a                                        0x20000030   Data           4  main.o(.data)
    d                                        0x20000034   Data           4  main.o(.data)
    e                                        0x20000038   Data           4  main.o(.data)
    T1                                       0x2000003c   Data           4  main.o(.data)
    T2                                       0x20000040   Data           4  main.o(.data)
    receivedTemperatures                     0x20000044   Data           8  main.o(.data)
    uwTickFreq                               0x2000004c   Data           1  stm32f1xx_hal.o(.data)
    uwTickPrio                               0x20000050   Data           4  stm32f1xx_hal.o(.data)
    uwTick                                   0x20000054   Data           4  stm32f1xx_hal.o(.data)
    SystemCoreClock                          0x20000058   Data           4  system_stm32f1xx.o(.data)
    hadc1                                    0x20000060   Data          48  main.o(.bss)
    huart1                                   0x20000090   Data          72  main.o(.bss)
    huart2                                   0x200000d8   Data          72  main.o(.bss)
    ADC                                      0x20000120   Data          36  main.o(.bss)
    receivedBuffer                           0x20000144   Data         100  main.o(.bss)
    uart2Buffer                              0x200001a8   Data          50  main.o(.bss)
    __libspace_start                         0x200001dc   Data          96  libspace.o(.bss)
    __temporary_stack_top$libspace           0x2000023c   Data           0  libspace.o(.bss)



==============================================================================

Memory Map of the image

  Image Entry point : 0x080000ed

  Load Region LR_IROM1 (Base: 0x08000000, Size: 0x00003fd4, Max: 0x00010000, ABSOLUTE)

    Execution Region ER_IROM1 (Exec base: 0x08000000, Load base: 0x08000000, Size: 0x00003f74, Max: 0x00010000, ABSOLUTE)

    Exec Addr    Load Addr    Size         Type   Attr      Idx    E Section Name        Object

    0x08000000   0x08000000   0x000000ec   Data   RO            3    RESET               startup_stm32f103xb.o
    0x080000ec   0x080000ec   0x00000008   Code   RO         2173  * !!!main             c_w.l(__main.o)
    0x080000f4   0x080000f4   0x00000034   Code   RO         2526    !!!scatter          c_w.l(__scatter.o)
    0x08000128   0x08000128   0x0000001a   Code   RO         2528    !!handler_copy      c_w.l(__scatter_copy.o)
    0x08000142   0x08000142   0x00000002   PAD
    0x08000144   0x08000144   0x0000001c   Code   RO         2530    !!handler_zi        c_w.l(__scatter_zi.o)
    0x08000160   0x08000160   0x00000002   Code   RO         2315    .ARM.Collect$$libinit$$00000000  c_w.l(libinit.o)
    0x08000162   0x08000162   0x00000000   Code   RO         2317    .ARM.Collect$$libinit$$00000002  c_w.l(libinit2.o)
    0x08000162   0x08000162   0x00000000   Code   RO         2319    .ARM.Collect$$libinit$$00000004  c_w.l(libinit2.o)
    0x08000162   0x08000162   0x00000000   Code   RO         2322    .ARM.Collect$$libinit$$0000000A  c_w.l(libinit2.o)
    0x08000162   0x08000162   0x00000000   Code   RO         2324    .ARM.Collect$$libinit$$0000000C  c_w.l(libinit2.o)
    0x08000162   0x08000162   0x00000000   Code   RO         2326    .ARM.Collect$$libinit$$0000000E  c_w.l(libinit2.o)
    0x08000162   0x08000162   0x00000006   Code   RO         2327    .ARM.Collect$$libinit$$0000000F  c_w.l(libinit2.o)
    0x08000168   0x08000168   0x00000000   Code   RO         2329    .ARM.Collect$$libinit$$00000011  c_w.l(libinit2.o)
    0x08000168   0x08000168   0x0000000c   Code   RO         2330    .ARM.Collect$$libinit$$00000012  c_w.l(libinit2.o)
    0x08000174   0x08000174   0x00000000   Code   RO         2331    .ARM.Collect$$libinit$$00000013  c_w.l(libinit2.o)
    0x08000174   0x08000174   0x00000000   Code   RO         2333    .ARM.Collect$$libinit$$00000015  c_w.l(libinit2.o)
    0x08000174   0x08000174   0x0000000a   Code   RO         2334    .ARM.Collect$$libinit$$00000016  c_w.l(libinit2.o)
    0x0800017e   0x0800017e   0x00000000   Code   RO         2335    .ARM.Collect$$libinit$$00000017  c_w.l(libinit2.o)
    0x0800017e   0x0800017e   0x00000000   Code   RO         2337    .ARM.Collect$$libinit$$00000019  c_w.l(libinit2.o)
    0x0800017e   0x0800017e   0x00000000   Code   RO         2339    .ARM.Collect$$libinit$$0000001B  c_w.l(libinit2.o)
    0x0800017e   0x0800017e   0x00000000   Code   RO         2341    .ARM.Collect$$libinit$$0000001D  c_w.l(libinit2.o)
    0x0800017e   0x0800017e   0x00000000   Code   RO         2343    .ARM.Collect$$libinit$$0000001F  c_w.l(libinit2.o)
    0x0800017e   0x0800017e   0x00000000   Code   RO         2345    .ARM.Collect$$libinit$$00000021  c_w.l(libinit2.o)
    0x0800017e   0x0800017e   0x00000000   Code   RO         2347    .ARM.Collect$$libinit$$00000023  c_w.l(libinit2.o)
    0x0800017e   0x0800017e   0x00000000   Code   RO         2349    .ARM.Collect$$libinit$$00000025  c_w.l(libinit2.o)
    0x0800017e   0x0800017e   0x00000000   Code   RO         2353    .ARM.Collect$$libinit$$0000002C  c_w.l(libinit2.o)
    0x0800017e   0x0800017e   0x00000000   Code   RO         2355    .ARM.Collect$$libinit$$0000002E  c_w.l(libinit2.o)
    0x0800017e   0x0800017e   0x00000000   Code   RO         2357    .ARM.Collect$$libinit$$00000030  c_w.l(libinit2.o)
    0x0800017e   0x0800017e   0x00000000   Code   RO         2359    .ARM.Collect$$libinit$$00000032  c_w.l(libinit2.o)
    0x0800017e   0x0800017e   0x00000002   Code   RO         2360    .ARM.Collect$$libinit$$00000033  c_w.l(libinit2.o)
    0x08000180   0x08000180   0x00000002   Code   RO         2427    .ARM.Collect$$libshutdown$$00000000  c_w.l(libshutdown.o)
    0x08000182   0x08000182   0x00000000   Code   RO         2456    .ARM.Collect$$libshutdown$$00000002  c_w.l(libshutdown2.o)
    0x08000182   0x08000182   0x00000000   Code   RO         2458    .ARM.Collect$$libshutdown$$00000004  c_w.l(libshutdown2.o)
    0x08000182   0x08000182   0x00000000   Code   RO         2460    .ARM.Collect$$libshutdown$$00000006  c_w.l(libshutdown2.o)
    0x08000182   0x08000182   0x00000000   Code   RO         2463    .ARM.Collect$$libshutdown$$00000009  c_w.l(libshutdown2.o)
    0x08000182   0x08000182   0x00000000   Code   RO         2466    .ARM.Collect$$libshutdown$$0000000C  c_w.l(libshutdown2.o)
    0x08000182   0x08000182   0x00000000   Code   RO         2468    .ARM.Collect$$libshutdown$$0000000E  c_w.l(libshutdown2.o)
    0x08000182   0x08000182   0x00000000   Code   RO         2471    .ARM.Collect$$libshutdown$$00000011  c_w.l(libshutdown2.o)
    0x08000182   0x08000182   0x00000002   Code   RO         2472    .ARM.Collect$$libshutdown$$00000012  c_w.l(libshutdown2.o)
    0x08000184   0x08000184   0x00000000   Code   RO         2195    .ARM.Collect$$rtentry$$00000000  c_w.l(__rtentry.o)
    0x08000184   0x08000184   0x00000000   Code   RO         2223    .ARM.Collect$$rtentry$$00000002  c_w.l(__rtentry2.o)
    0x08000184   0x08000184   0x00000006   Code   RO         2235    .ARM.Collect$$rtentry$$00000004  c_w.l(__rtentry4.o)
    0x0800018a   0x0800018a   0x00000000   Code   RO         2225    .ARM.Collect$$rtentry$$00000009  c_w.l(__rtentry2.o)
    0x0800018a   0x0800018a   0x00000004   Code   RO         2226    .ARM.Collect$$rtentry$$0000000A  c_w.l(__rtentry2.o)
    0x0800018e   0x0800018e   0x00000000   Code   RO         2228    .ARM.Collect$$rtentry$$0000000C  c_w.l(__rtentry2.o)
    0x0800018e   0x0800018e   0x00000008   Code   RO         2229    .ARM.Collect$$rtentry$$0000000D  c_w.l(__rtentry2.o)
    0x08000196   0x08000196   0x00000002   Code   RO         2363    .ARM.Collect$$rtexit$$00000000  c_w.l(rtexit.o)
    0x08000198   0x08000198   0x00000000   Code   RO         2389    .ARM.Collect$$rtexit$$00000002  c_w.l(rtexit2.o)
    0x08000198   0x08000198   0x00000004   Code   RO         2390    .ARM.Collect$$rtexit$$00000003  c_w.l(rtexit2.o)
    0x0800019c   0x0800019c   0x00000006   Code   RO         2391    .ARM.Collect$$rtexit$$00000004  c_w.l(rtexit2.o)
    0x080001a2   0x080001a2   0x00000002   PAD
    0x080001a4   0x080001a4   0x00000040   Code   RO            4    .text               startup_stm32f103xb.o
    0x080001e4   0x080001e4   0x0000000c   Code   RO         2162    .text               c_w.l(strtok.o)
    0x080001f0   0x080001f0   0x00000096   Code   RO         2167    .text               c_w.l(strncmp.o)
    0x08000286   0x08000286   0x0000004e   Code   RO         2169    .text               c_w.l(rt_memclr_w.o)
    0x080002d4   0x080002d4   0x00000006   Code   RO         2171    .text               c_w.l(heapauxi.o)
    0x080002da   0x080002da   0x00000016   Code   RO         2196    .text               c_w.l(_rserrno.o)
    0x080002f0   0x080002f0   0x000000a4   Code   RO         2207    .text               c_w.l(strtod.o)
    0x08000394   0x08000394   0x00000044   Code   RO         2209    .text               c_w.l(strtok_int.o)
    0x080003d8   0x080003d8   0x00000008   Code   RO         2240    .text               c_w.l(rt_locale_intlibspace.o)
    0x080003e0   0x080003e0   0x00000008   Code   RO         2245    .text               c_w.l(rt_errno_addr_intlibspace.o)
    0x080003e8   0x080003e8   0x00000012   Code   RO         2249    .text               c_w.l(isspace.o)
    0x080003fa   0x080003fa   0x00000040   Code   RO         2255    .text               c_w.l(_sgetc.o)
    0x0800043a   0x0800043a   0x00000002   PAD
    0x0800043c   0x0800043c   0x000000e4   Code   RO         2257    .text               c_w.l(bigflt0.o)
    0x08000520   0x08000520   0x00000020   Code   RO         2285    .text               c_w.l(strcspn.o)
    0x08000540   0x08000540   0x0000001c   Code   RO         2287    .text               c_w.l(strspn.o)
    0x0800055c   0x0800055c   0x00000008   Code   RO         2297    .text               c_w.l(libspace.o)
    0x08000564   0x08000564   0x0000004a   Code   RO         2300    .text               c_w.l(sys_stackheap_outer.o)
    0x080005ae   0x080005ae   0x00000002   PAD
    0x080005b0   0x080005b0   0x00000010   Code   RO         2302    .text               c_w.l(rt_ctype_table.o)
    0x080005c0   0x080005c0   0x000004f8   Code   RO         2304    .text               c_w.l(scanf_fp.o)
    0x08000ab8   0x08000ab8   0x00000012   Code   RO         2306    .text               c_w.l(exit.o)
    0x08000aca   0x08000aca   0x00000002   PAD
    0x08000acc   0x08000acc   0x00000080   Code   RO         2308    .text               c_w.l(strcmpv7m.o)
    0x08000b4c   0x08000b4c   0x00000320   Code   RO         2395    .text               c_w.l(scanf_hexfp.o)
    0x08000e6c   0x08000e6c   0x00000134   Code   RO         2397    .text               c_w.l(scanf_infnan.o)
    0x08000fa0   0x08000fa0   0x0000000c   Code   RO         2413    .text               c_w.l(sys_exit.o)
    0x08000fac   0x08000fac   0x00000026   Code   RO         2417    .text               c_w.l(llshl.o)
    0x08000fd2   0x08000fd2   0x0000001c   Code   RO         2419    .text               c_w.l(_chval.o)
    0x08000fee   0x08000fee   0x00000002   Code   RO         2446    .text               c_w.l(use_no_semi.o)
    0x08000ff0   0x08000ff0   0x00000000   Code   RO         2448    .text               c_w.l(indicate_semi.o)
    0x08000ff0   0x08000ff0   0x00000338   Code   RO         2270    CL$$btod_div_common  c_w.l(btod.o)
    0x08001328   0x08001328   0x00000084   Code   RO         2268    CL$$btod_e2d        c_w.l(btod.o)
    0x080013ac   0x080013ac   0x000000dc   Code   RO         2267    CL$$btod_e2e        c_w.l(btod.o)
    0x08001488   0x08001488   0x0000002a   Code   RO         2264    CL$$btod_ediv       c_w.l(btod.o)
    0x080014b2   0x080014b2   0x0000002a   Code   RO         2266    CL$$btod_edivd      c_w.l(btod.o)
    0x080014dc   0x080014dc   0x0000002a   Code   RO         2263    CL$$btod_emul       c_w.l(btod.o)
    0x08001506   0x08001506   0x0000002a   Code   RO         2265    CL$$btod_emuld      c_w.l(btod.o)
    0x08001530   0x08001530   0x00000244   Code   RO         2269    CL$$btod_mult_common  c_w.l(btod.o)
    0x08001774   0x08001774   0x00000056   Code   RO          443    i.ADC_ConversionStop_Disable  stm32f1xx_hal_adc.o
    0x080017ca   0x080017ca   0x00000002   PAD
    0x080017cc   0x080017cc   0x0000007c   Code   RO          447    i.ADC_Enable        stm32f1xx_hal_adc.o
    0x08001848   0x08001848   0x00000110   Code   RO           13    i.ADC_Read          main.o
    0x08001958   0x08001958   0x000000f4   Code   RO           14    i.ADC_Voltage       main.o
    0x08001a4c   0x08001a4c   0x0000001c   Code   RO           15    i.Battery           main.o
    0x08001a68   0x08001a68   0x00000002   Code   RO          271    i.BusFault_Handler  stm32f1xx_it.o
    0x08001a6a   0x08001a6a   0x00000002   Code   RO          272    i.DebugMon_Handler  stm32f1xx_it.o
    0x08001a6c   0x08001a6c   0x000000fc   Code   RO          449    i.HAL_ADC_ConfigChannel  stm32f1xx_hal_adc.o
    0x08001b68   0x08001b68   0x00000006   Code   RO          456    i.HAL_ADC_GetValue  stm32f1xx_hal_adc.o
    0x08001b6e   0x08001b6e   0x00000002   PAD
    0x08001b70   0x08001b70   0x0000011c   Code   RO          458    i.HAL_ADC_Init      stm32f1xx_hal_adc.o
    0x08001c8c   0x08001c8c   0x00000078   Code   RO          360    i.HAL_ADC_MspInit   stm32f1xx_hal_msp.o
    0x08001d04   0x08001d04   0x0000013c   Code   RO          462    i.HAL_ADC_PollForConversion  stm32f1xx_hal_adc.o
    0x08001e40   0x08001e40   0x000000c0   Code   RO          464    i.HAL_ADC_Start     stm32f1xx_hal_adc.o
    0x08001f00   0x08001f00   0x00000046   Code   RO         1100    i.HAL_DMA_Abort     stm32f1xx_hal_dma.o
    0x08001f46   0x08001f46   0x00000002   PAD
    0x08001f48   0x08001f48   0x00000098   Code   RO         1101    i.HAL_DMA_Abort_IT  stm32f1xx_hal_dma.o
    0x08001fe0   0x08001fe0   0x00000024   Code   RO          726    i.HAL_Delay         stm32f1xx_hal.o
    0x08002004   0x08002004   0x000001e0   Code   RO         1036    i.HAL_GPIO_Init     stm32f1xx_hal_gpio.o
    0x080021e4   0x080021e4   0x0000000a   Code   RO         1040    i.HAL_GPIO_WritePin  stm32f1xx_hal_gpio.o
    0x080021ee   0x080021ee   0x00000002   PAD
    0x080021f0   0x080021f0   0x0000000c   Code   RO          730    i.HAL_GetTick       stm32f1xx_hal.o
    0x080021fc   0x080021fc   0x00000010   Code   RO          736    i.HAL_IncTick       stm32f1xx_hal.o
    0x0800220c   0x0800220c   0x00000024   Code   RO          737    i.HAL_Init          stm32f1xx_hal.o
    0x08002230   0x08002230   0x00000040   Code   RO          738    i.HAL_InitTick      stm32f1xx_hal.o
    0x08002270   0x08002270   0x0000003c   Code   RO          361    i.HAL_MspInit       stm32f1xx_hal_msp.o
    0x080022ac   0x080022ac   0x0000001a   Code   RO         1196    i.HAL_NVIC_EnableIRQ  stm32f1xx_hal_cortex.o
    0x080022c6   0x080022c6   0x00000002   PAD
    0x080022c8   0x080022c8   0x00000040   Code   RO         1202    i.HAL_NVIC_SetPriority  stm32f1xx_hal_cortex.o
    0x08002308   0x08002308   0x00000024   Code   RO         1203    i.HAL_NVIC_SetPriorityGrouping  stm32f1xx_hal_cortex.o
    0x0800232c   0x0800232c   0x000000a4   Code   RO          997    i.HAL_RCCEx_GetPeriphCLKFreq  stm32f1xx_hal_rcc_ex.o
    0x080023d0   0x080023d0   0x000000ec   Code   RO          998    i.HAL_RCCEx_PeriphCLKConfig  stm32f1xx_hal_rcc_ex.o
    0x080024bc   0x080024bc   0x0000012c   Code   RO          894    i.HAL_RCC_ClockConfig  stm32f1xx_hal_rcc.o
    0x080025e8   0x080025e8   0x00000020   Code   RO          901    i.HAL_RCC_GetPCLK1Freq  stm32f1xx_hal_rcc.o
    0x08002608   0x08002608   0x00000020   Code   RO          902    i.HAL_RCC_GetPCLK2Freq  stm32f1xx_hal_rcc.o
    0x08002628   0x08002628   0x0000004c   Code   RO          903    i.HAL_RCC_GetSysClockFreq  stm32f1xx_hal_rcc.o
    0x08002674   0x08002674   0x00000320   Code   RO          906    i.HAL_RCC_OscConfig  stm32f1xx_hal_rcc.o
    0x08002994   0x08002994   0x00000028   Code   RO         1207    i.HAL_SYSTICK_Config  stm32f1xx_hal_cortex.o
    0x080029bc   0x080029bc   0x00000002   Code   RO         1744    i.HAL_UARTEx_RxEventCallback  stm32f1xx_hal_uart.o
    0x080029be   0x080029be   0x00000002   Code   RO         1758    i.HAL_UART_ErrorCallback  stm32f1xx_hal_uart.o
    0x080029c0   0x080029c0   0x0000026c   Code   RO         1761    i.HAL_UART_IRQHandler  stm32f1xx_hal_uart.o
    0x08002c2c   0x08002c2c   0x00000064   Code   RO         1762    i.HAL_UART_Init     stm32f1xx_hal_uart.o
    0x08002c90   0x08002c90   0x000000f0   Code   RO          363    i.HAL_UART_MspInit  stm32f1xx_hal_msp.o
    0x08002d80   0x08002d80   0x000000ac   Code   RO         1765    i.HAL_UART_Receive  stm32f1xx_hal_uart.o
    0x08002e2c   0x08002e2c   0x00000002   Code   RO         1768    i.HAL_UART_RxCpltCallback  stm32f1xx_hal_uart.o
    0x08002e2e   0x08002e2e   0x00000002   Code   RO         1773    i.HAL_UART_TxCpltCallback  stm32f1xx_hal_uart.o
    0x08002e30   0x08002e30   0x00000002   Code   RO          273    i.HardFault_Handler  stm32f1xx_it.o
    0x08002e32   0x08002e32   0x00000002   PAD
    0x08002e34   0x08002e34   0x0000004c   Code   RO           21    i.MX_ADC1_Init      main.o
    0x08002e80   0x08002e80   0x00000070   Code   RO           22    i.MX_GPIO_Init      main.o
    0x08002ef0   0x08002ef0   0x00000002   Code   RO          274    i.MemManage_Handler  stm32f1xx_it.o
    0x08002ef2   0x08002ef2   0x00000002   Code   RO          275    i.NMI_Handler       stm32f1xx_it.o
    0x08002ef4   0x08002ef4   0x00000002   Code   RO          276    i.PendSV_Handler    stm32f1xx_it.o
    0x08002ef6   0x08002ef6   0x00000002   PAD
    0x08002ef8   0x08002ef8   0x00000094   Code   RO           23    i.Recieve_Temp      main.o
    0x08002f8c   0x08002f8c   0x00000024   Code   RO           24    i.SEL_CH0           main.o
    0x08002fb0   0x08002fb0   0x00000024   Code   RO           25    i.SEL_CH1           main.o
    0x08002fd4   0x08002fd4   0x00000024   Code   RO           26    i.SEL_CH4           main.o
    0x08002ff8   0x08002ff8   0x00000024   Code   RO           27    i.SEL_CH5           main.o
    0x0800301c   0x0800301c   0x00000024   Code   RO           28    i.SEL_CH6           main.o
    0x08003040   0x08003040   0x00000024   Code   RO           29    i.SEL_CH7           main.o
    0x08003064   0x08003064   0x00000024   Code   RO           30    i.SEL_CH8           main.o
    0x08003088   0x08003088   0x00000024   Code   RO           31    i.SEL_CH9           main.o
    0x080030ac   0x080030ac   0x00000002   Code   RO          277    i.SVC_Handler       stm32f1xx_it.o
    0x080030ae   0x080030ae   0x00000004   Code   RO          278    i.SysTick_Handler   stm32f1xx_it.o
    0x080030b2   0x080030b2   0x00000078   Code   RO           32    i.SystemClock_Config  main.o
    0x0800312a   0x0800312a   0x00000002   Code   RO         2096    i.SystemInit        system_stm32f1xx.o
    0x0800312c   0x0800312c   0x00000028   Code   RO           33    i.Temperatures      main.o
    0x08003154   0x08003154   0x00000010   Code   RO         1775    i.UART_DMAAbortOnError  stm32f1xx_hal_uart.o
    0x08003164   0x08003164   0x0000004e   Code   RO         1785    i.UART_EndRxTransfer  stm32f1xx_hal_uart.o
    0x080031b2   0x080031b2   0x000000c2   Code   RO         1787    i.UART_Receive_IT   stm32f1xx_hal_uart.o
    0x08003274   0x08003274   0x000000b8   Code   RO         1788    i.UART_SetConfig    stm32f1xx_hal_uart.o
    0x0800332c   0x0800332c   0x00000078   Code   RO         1791    i.UART_WaitOnFlagUntilTimeout  stm32f1xx_hal_uart.o
    0x080033a4   0x080033a4   0x0000000c   Code   RO          279    i.USART1_IRQHandler  stm32f1xx_it.o
    0x080033b0   0x080033b0   0x0000000c   Code   RO          280    i.USART2_IRQHandler  stm32f1xx_it.o
    0x080033bc   0x080033bc   0x00000002   Code   RO          281    i.UsageFault_Handler  stm32f1xx_it.o
    0x080033be   0x080033be   0x00000020   Code   RO         1209    i.__NVIC_SetPriority  stm32f1xx_hal_cortex.o
    0x080033de   0x080033de   0x0000000e   Code   RO         2479    i.__mathlib_dbl_overflow  m_ws.l(dunder.o)
    0x080033ec   0x080033ec   0x00000010   Code   RO         2481    i.__mathlib_dbl_underflow  m_ws.l(dunder.o)
    0x080033fc   0x080033fc   0x00000010   Code   RO         2382    i.__mathlib_narrow  m_ws.l(narrow.o)
    0x0800340c   0x0800340c   0x000000bc   Code   RO         2383    i.__mathlib_tofloat  m_ws.l(narrow.o)
    0x080034c8   0x080034c8   0x00000016   Code   RO         2435    i.__support_ldexp   m_ws.l(ldexp.o)
    0x080034de   0x080034de   0x0000000e   Code   RO         2150    i._is_digit         c_w.l(__printf_wp.o)
    0x080034ec   0x080034ec   0x0000002a   Code   RO         2192    i.atof              m_ws.l(atof.o)
    0x08003516   0x08003516   0x00000002   PAD
    0x08003518   0x08003518   0x00000058   Code   RO         2408    i.frexp             m_ws.l(frexp.o)
    0x08003570   0x08003570   0x00000074   Code   RO         2436    i.ldexp             m_ws.l(ldexp.o)
    0x080035e4   0x080035e4   0x000000b8   Code   RO           36    i.main              main.o
    0x0800369c   0x0800369c   0x0000002c   Code   RO         2283    locale$$code        c_w.l(lc_numeric_c.o)
    0x080036c8   0x080036c8   0x0000002c   Code   RO         2366    locale$$code        c_w.l(lc_ctype_c.o)
    0x080036f4   0x080036f4   0x00000062   Code   RO         2175    x$fpl$d2f           fz_ws.l(d2f.o)
    0x08003756   0x08003756   0x00000002   PAD
    0x08003758   0x08003758   0x00000010   Code   RO         2473    x$fpl$dcheck1       fz_ws.l(dcheck1.o)
    0x08003768   0x08003768   0x00000018   Code   RO         2428    x$fpl$dcmpinf       fz_ws.l(dcmpi.o)
    0x08003780   0x08003780   0x00000078   Code   RO         2403    x$fpl$deqf          fz_ws.l(deqf.o)
    0x080037f8   0x080037f8   0x00000078   Code   RO         2430    x$fpl$dleqf         fz_ws.l(dleqf.o)
    0x08003870   0x08003870   0x00000154   Code   RO         2177    x$fpl$dmul          fz_ws.l(dmul.o)
    0x080039c4   0x080039c4   0x0000009c   Code   RO         2211    x$fpl$dnaninf       fz_ws.l(dnaninf.o)
    0x08003a60   0x08003a60   0x0000000c   Code   RO         2213    x$fpl$dretinf       fz_ws.l(dretinf.o)
    0x08003a6c   0x08003a6c   0x0000006c   Code   RO         2405    x$fpl$drleqf        fz_ws.l(drleqf.o)
    0x08003ad8   0x08003ad8   0x00000056   Code   RO         2179    x$fpl$f2d           fz_ws.l(f2d.o)
    0x08003b2e   0x08003b2e   0x00000002   PAD
    0x08003b30   0x08003b30   0x0000000c   Code   RO         2215    x$fpl$fcheck1       fz_ws.l(fcheck1.o)
    0x08003b3c   0x08003b3c   0x00000026   Code   RO         2181    x$fpl$ffltu         fz_ws.l(fflt_clz.o)
    0x08003b62   0x08003b62   0x0000008c   Code   RO         2217    x$fpl$fnaninf       fz_ws.l(fnaninf.o)
    0x08003bee   0x08003bee   0x0000000a   Code   RO         2219    x$fpl$fretinf       fz_ws.l(fretinf.o)
    0x08003bf8   0x08003bf8   0x00000006   Code   RO         2289    x$fpl$ieeestatus    fz_ws.l(istatus.o)
    0x08003bfe   0x08003bfe   0x00000064   Code   RO         2291    x$fpl$retnan        fz_ws.l(retnan.o)
    0x08003c62   0x08003c62   0x0000005c   Code   RO         2432    x$fpl$scalbn        fz_ws.l(scalbn.o)
    0x08003cbe   0x08003cbe   0x0000004c   Code   RO         2189    x$fpl$scalbnf       fz_ws.l(scalbnf.o)
    0x08003d0a   0x08003d0a   0x00000004   Code   RO         2293    x$fpl$scanf1        fz_ws.l(scanf1.o)
    0x08003d0e   0x08003d0e   0x00000008   Code   RO         2376    x$fpl$scanf2        fz_ws.l(scanf2.o)
    0x08003d16   0x08003d16   0x00000030   Code   RO         2361    x$fpl$trapveneer    fz_ws.l(trapv.o)
    0x08003d46   0x08003d46   0x00000000   Code   RO         2221    x$fpl$usenofp       fz_ws.l(usenofp.o)
    0x08003d46   0x08003d46   0x00000012   Data   RO          907    .constdata          stm32f1xx_hal_rcc.o
    0x08003d58   0x08003d58   0x00000012   Data   RO          999    .constdata          stm32f1xx_hal_rcc_ex.o
    0x08003d6a   0x08003d6a   0x00000010   Data   RO         2097    .constdata          system_stm32f1xx.o
    0x08003d7a   0x08003d7a   0x00000008   Data   RO         2098    .constdata          system_stm32f1xx.o
    0x08003d82   0x08003d82   0x00000002   PAD
    0x08003d84   0x08003d84   0x00000094   Data   RO         2258    .constdata          c_w.l(bigflt0.o)
    0x08003e18   0x08003e18   0x00000020   Data   RO         2524    Region$$Table       anon$$obj.o
    0x08003e38   0x08003e38   0x00000008   Data   RO         2370    c$$dinf             fz_ws.l(fpconst.o)
    0x08003e40   0x08003e40   0x00000008   Data   RO         2373    c$$dmax             fz_ws.l(fpconst.o)
    0x08003e48   0x08003e48   0x0000001c   Data   RO         2282    locale$$data        c_w.l(lc_numeric_c.o)
    0x08003e64   0x08003e64   0x00000110   Data   RO         2365    locale$$data        c_w.l(lc_ctype_c.o)


    Execution Region RW_IRAM1 (Exec base: 0x20000000, Load base: 0x08003f74, Size: 0x00000840, Max: 0x00005000, ABSOLUTE)

    Exec Addr    Load Addr    Size         Type   Attr      Idx    E Section Name        Object

    0x20000000   0x08003f74   0x0000004c   Data   RW           38    .data               main.o
    0x2000004c   0x08003fc0   0x0000000c   Data   RW          744    .data               stm32f1xx_hal.o
    0x20000058   0x08003fcc   0x00000004   Data   RW         2099    .data               system_stm32f1xx.o
    0x2000005c   0x08003fd0   0x00000004   Data   RW         2163    .data               c_w.l(strtok.o)
    0x20000060        -       0x0000017a   Zero   RW           37    .bss                main.o
    0x200001da   0x08003fd4   0x00000002   PAD
    0x200001dc        -       0x00000060   Zero   RW         2298    .bss                c_w.l(libspace.o)
    0x2000023c   0x08003fd4   0x00000004   PAD
    0x20000240        -       0x00000200   Zero   RW            2    HEAP                startup_stm32f103xb.o
    0x20000440        -       0x00000400   Zero   RW            1    STACK               startup_stm32f103xb.o


==============================================================================

Image component sizes


      Code (inc. data)   RO Data    RW Data    ZI Data      Debug   Object Name

      1512        130          0         76        378     417902   main.o
        64         26        236          0       1536        776   startup_stm32f103xb.o
       164         28          0         12          0       5621   stm32f1xx_hal.o
      1260         54          0          0          0       6244   stm32f1xx_hal_adc.o
       198         14          0          0          0      28731   stm32f1xx_hal_cortex.o
       222          4          0          0          0       1663   stm32f1xx_hal_dma.o
       490         34          0          0          0       2784   stm32f1xx_hal_gpio.o
       420         50          0          0          0       2307   stm32f1xx_hal_msp.o
      1240         84         18          0          0       4900   stm32f1xx_hal_rcc.o
       400         28         18          0          0       2365   stm32f1xx_hal_rcc_ex.o
      1492         10          0          0          0       9563   stm32f1xx_hal_uart.o
        44         12          0          0          0       4354   stm32f1xx_it.o
         2          0         24          4          0       1011   system_stm32f1xx.o

    ----------------------------------------------------------------------
      7522        474        330         92       1916     488221   Object Totals
         0          0         32          0          0          0   (incl. Generated)
        14          0          2          0          2          0   (incl. Padding)

    ----------------------------------------------------------------------

      Code (inc. data)   RO Data    RW Data    ZI Data      Debug   Library Member Name

         8          0          0          0          0         68   __main.o
        14          0          0          0          0         68   __printf_wp.o
         0          0          0          0          0          0   __rtentry.o
        12          0          0          0          0          0   __rtentry2.o
         6          0          0          0          0          0   __rtentry4.o
        52          8          0          0          0          0   __scatter.o
        26          0          0          0          0          0   __scatter_copy.o
        28          0          0          0          0          0   __scatter_zi.o
        28          0          0          0          0         68   _chval.o
        22          0          0          0          0        100   _rserrno.o
        64          0          0          0          0         84   _sgetc.o
       228          4        148          0          0         96   bigflt0.o
      1924        136          0          0          0        756   btod.o
        18          0          0          0          0         80   exit.o
         6          0          0          0          0        152   heapauxi.o
         0          0          0          0          0          0   indicate_semi.o
        18          0          0          0          0         76   isspace.o
        44         10        272          0          0         76   lc_ctype_c.o
        44         10         28          0          0         76   lc_numeric_c.o
         2          0          0          0          0          0   libinit.o
        30          0          0          0          0          0   libinit2.o
         2          0          0          0          0          0   libshutdown.o
         2          0          0          0          0          0   libshutdown2.o
         8          4          0          0         96         68   libspace.o
        38          0          0          0          0         68   llshl.o
        16          4          0          0          0         76   rt_ctype_table.o
         8          4          0          0          0         68   rt_errno_addr_intlibspace.o
         8          4          0          0          0         68   rt_locale_intlibspace.o
        78          0          0          0          0         80   rt_memclr_w.o
         2          0          0          0          0          0   rtexit.o
        10          0          0          0          0          0   rtexit2.o
      1272         16          0          0          0        168   scanf_fp.o
       800         14          0          0          0        100   scanf_hexfp.o
       308         16          0          0          0        100   scanf_infnan.o
       128          0          0          0          0         68   strcmpv7m.o
        32          0          0          0          0         80   strcspn.o
       150          0          0          0          0         80   strncmp.o
        28          0          0          0          0         80   strspn.o
       164         14          0          0          0        120   strtod.o
        12          6          0          4          0         68   strtok.o
        68          4          0          0          0         84   strtok_int.o
        12          4          0          0          0         68   sys_exit.o
        74          0          0          0          0         80   sys_stackheap_outer.o
         2          0          0          0          0         68   use_no_semi.o
        98          4          0          0          0         92   d2f.o
        16          4          0          0          0         68   dcheck1.o
        24          0          0          0          0         68   dcmpi.o
       120          4          0          0          0         92   deqf.o
       120          4          0          0          0         92   dleqf.o
       340         12          0          0          0        104   dmul.o
       156          4          0          0          0         92   dnaninf.o
        12          0          0          0          0         68   dretinf.o
       108          0          0          0          0         80   drleqf.o
        86          4          0          0          0         84   f2d.o
        12          4          0          0          0         68   fcheck1.o
        38          0          0          0          0         68   fflt_clz.o
       140          4          0          0          0         84   fnaninf.o
         0          0         16          0          0          0   fpconst.o
        10          0          0          0          0         68   fretinf.o
         6          0          0          0          0         68   istatus.o
       100          0          0          0          0         68   retnan.o
        92          0          0          0          0         68   scalbn.o
        76          0          0          0          0         68   scalbnf.o
         4          0          0          0          0         68   scanf1.o
         8          0          0          0          0         84   scanf2.o
        48          0          0          0          0         68   trapv.o
         0          0          0          0          0          0   usenofp.o
        42          0          0          0          0         84   atof.o
        30          6          0          0          0        136   dunder.o
        88          8          0          0          0         76   frexp.o
       138          0          0          0          0        160   ldexp.o
       204          4          0          0          0        168   narrow.o

    ----------------------------------------------------------------------
      7928        320        464          4        100       5536   Library Totals
        16          0          0          0          4          0   (incl. Padding)

    ----------------------------------------------------------------------

      Code (inc. data)   RO Data    RW Data    ZI Data      Debug   Library Name

      5796        258        448          4         96       3292   c_w.l
      1614         44         16          0          0       1620   fz_ws.l
       502         18          0          0          0        624   m_ws.l

    ----------------------------------------------------------------------
      7928        320        464          4        100       5536   Library Totals

    ----------------------------------------------------------------------

==============================================================================


      Code (inc. data)   RO Data    RW Data    ZI Data      Debug   

     15450        794        794         96       2016     487045   Grand Totals
     15450        794        794         96       2016     487045   ELF Image Totals
     15450        794        794         96          0          0   ROM Totals

==============================================================================

    Total RO  Size (Code + RO Data)                16244 (  15.86kB)
    Total RW  Size (RW Data + ZI Data)              2112 (   2.06kB)
    Total ROM Size (Code + RO Data + RW Data)      16340 (  15.96kB)

==============================================================================

